<?xml version="1.0" encoding="ISO-8859-1" ?>
<link_info>
   <banner>TI ARM Linker Unix v18.12.3.LTS</banner>
   <copyright>Copyright (c) 1996-2018 Texas Instruments Incorporated</copyright>
   <link_time>0x601ec71c</link_time>
   <link_errors>0x0</link_errors>
   <output_file>sdcard-spi.out</output_file>
   <entry_point>
      <name>_c_int00_noargs</name>
      <address>0x3045</address>
   </entry_point>
   <input_file_list>
      <input_file id="fl-1">
         <path>./</path>
         <kind>object</kind>
         <file>main.obj</file>
         <name>main.obj</name>
      </input_file>
      <input_file id="fl-2">
         <path>./</path>
         <kind>object</kind>
         <file>sdcard.obj</file>
         <name>sdcard.obj</name>
      </input_file>
      <input_file id="fl-3">
         <path>./</path>
         <kind>object</kind>
         <file>tm4c123gh6pm_startup_ccs.obj</file>
         <name>tm4c123gh6pm_startup_ccs.obj</name>
      </input_file>
      <input_file id="fl-8">
         <kind>object</kind>
         <file>&lt;internal&gt;</file>
         <name>&lt;internal&gt;</name>
      </input_file>
      <input_file id="fl-be">
         <path>/Applications/ti/ccs920/ccs/tools/compiler/ti-cgt-arm_18.12.3.LTS/lib/</path>
         <kind>archive</kind>
         <file>rtsv7M4_T_le_v4SPD16_eabi.lib</file>
         <name>printf.c.obj</name>
      </input_file>
      <input_file id="fl-bf">
         <path>/Applications/ti/ccs920/ccs/tools/compiler/ti-cgt-arm_18.12.3.LTS/lib/</path>
         <kind>archive</kind>
         <file>rtsv7M4_T_le_v4SPD16_eabi.lib</file>
         <name>_printfi_min.c.obj</name>
      </input_file>
      <input_file id="fl-c0">
         <path>/Applications/ti/ccs920/ccs/tools/compiler/ti-cgt-arm_18.12.3.LTS/lib/</path>
         <kind>archive</kind>
         <file>rtsv7M4_T_le_v4SPD16_eabi.lib</file>
         <name>fputc.c.obj</name>
      </input_file>
      <input_file id="fl-c1">
         <path>/Applications/ti/ccs920/ccs/tools/compiler/ti-cgt-arm_18.12.3.LTS/lib/</path>
         <kind>archive</kind>
         <file>rtsv7M4_T_le_v4SPD16_eabi.lib</file>
         <name>fputs.c.obj</name>
      </input_file>
      <input_file id="fl-c2">
         <path>/Applications/ti/ccs920/ccs/tools/compiler/ti-cgt-arm_18.12.3.LTS/lib/</path>
         <kind>archive</kind>
         <file>rtsv7M4_T_le_v4SPD16_eabi.lib</file>
         <name>_io_perm.c.obj</name>
      </input_file>
      <input_file id="fl-c3">
         <path>/Applications/ti/ccs920/ccs/tools/compiler/ti-cgt-arm_18.12.3.LTS/lib/</path>
         <kind>archive</kind>
         <file>rtsv7M4_T_le_v4SPD16_eabi.lib</file>
         <name>setvbuf.c.obj</name>
      </input_file>
      <input_file id="fl-c4">
         <path>/Applications/ti/ccs920/ccs/tools/compiler/ti-cgt-arm_18.12.3.LTS/lib/</path>
         <kind>archive</kind>
         <file>rtsv7M4_T_le_v4SPD16_eabi.lib</file>
         <name>memset_t2.asm.obj</name>
      </input_file>
      <input_file id="fl-c5">
         <path>/Applications/ti/ccs920/ccs/tools/compiler/ti-cgt-arm_18.12.3.LTS/lib/</path>
         <kind>archive</kind>
         <file>rtsv7M4_T_le_v4SPD16_eabi.lib</file>
         <name>memcpy_t2.asm.obj</name>
      </input_file>
      <input_file id="fl-c6">
         <path>/Applications/ti/ccs920/ccs/tools/compiler/ti-cgt-arm_18.12.3.LTS/lib/</path>
         <kind>archive</kind>
         <file>rtsv7M4_T_le_v4SPD16_eabi.lib</file>
         <name>copy_zero_init.c.obj</name>
      </input_file>
      <input_file id="fl-c7">
         <path>/Applications/ti/ccs920/ccs/tools/compiler/ti-cgt-arm_18.12.3.LTS/lib/</path>
         <kind>archive</kind>
         <file>rtsv7M4_T_le_v4SPD16_eabi.lib</file>
         <name>copy_decompress_none.c.obj</name>
      </input_file>
      <input_file id="fl-c8">
         <path>/Applications/ti/ccs920/ccs/tools/compiler/ti-cgt-arm_18.12.3.LTS/lib/</path>
         <kind>archive</kind>
         <file>rtsv7M4_T_le_v4SPD16_eabi.lib</file>
         <name>copy_decompress_lzss.c.obj</name>
      </input_file>
      <input_file id="fl-c9">
         <path>/Applications/ti/ccs920/ccs/tools/compiler/ti-cgt-arm_18.12.3.LTS/lib/</path>
         <kind>archive</kind>
         <file>rtsv7M4_T_le_v4SPD16_eabi.lib</file>
         <name>exit.c.obj</name>
      </input_file>
      <input_file id="fl-ca">
         <path>/Applications/ti/ccs920/ccs/tools/compiler/ti-cgt-arm_18.12.3.LTS/lib/</path>
         <kind>archive</kind>
         <file>rtsv7M4_T_le_v4SPD16_eabi.lib</file>
         <name>_lock.c.obj</name>
      </input_file>
      <input_file id="fl-cb">
         <path>/Applications/ti/ccs920/ccs/tools/compiler/ti-cgt-arm_18.12.3.LTS/lib/</path>
         <kind>archive</kind>
         <file>rtsv7M4_T_le_v4SPD16_eabi.lib</file>
         <name>defs.c.obj</name>
      </input_file>
      <input_file id="fl-cc">
         <path>/Applications/ti/ccs920/ccs/tools/compiler/ti-cgt-arm_18.12.3.LTS/lib/</path>
         <kind>archive</kind>
         <file>rtsv7M4_T_le_v4SPD16_eabi.lib</file>
         <name>memccpy.c.obj</name>
      </input_file>
      <input_file id="fl-cd">
         <path>/Applications/ti/ccs920/ccs/tools/compiler/ti-cgt-arm_18.12.3.LTS/lib/</path>
         <kind>archive</kind>
         <file>rtsv7M4_T_le_v4SPD16_eabi.lib</file>
         <name>memchr.c.obj</name>
      </input_file>
      <input_file id="fl-ce">
         <path>/Applications/ti/ccs920/ccs/tools/compiler/ti-cgt-arm_18.12.3.LTS/lib/</path>
         <kind>archive</kind>
         <file>rtsv7M4_T_le_v4SPD16_eabi.lib</file>
         <name>memory.c.obj</name>
      </input_file>
      <input_file id="fl-cf">
         <path>/Applications/ti/ccs920/ccs/tools/compiler/ti-cgt-arm_18.12.3.LTS/lib/</path>
         <kind>archive</kind>
         <file>rtsv7M4_T_le_v4SPD16_eabi.lib</file>
         <name>strcmp.c.obj</name>
      </input_file>
      <input_file id="fl-d0">
         <path>/Applications/ti/ccs920/ccs/tools/compiler/ti-cgt-arm_18.12.3.LTS/lib/</path>
         <kind>archive</kind>
         <file>rtsv7M4_T_le_v4SPD16_eabi.lib</file>
         <name>strlen.c.obj</name>
      </input_file>
      <input_file id="fl-d1">
         <path>/Applications/ti/ccs920/ccs/tools/compiler/ti-cgt-arm_18.12.3.LTS/lib/</path>
         <kind>archive</kind>
         <file>rtsv7M4_T_le_v4SPD16_eabi.lib</file>
         <name>write.c.obj</name>
      </input_file>
      <input_file id="fl-d2">
         <path>/Applications/ti/ccs920/ccs/tools/compiler/ti-cgt-arm_18.12.3.LTS/lib/</path>
         <kind>archive</kind>
         <file>rtsv7M4_T_le_v4SPD16_eabi.lib</file>
         <name>host_device.c.obj</name>
      </input_file>
      <input_file id="fl-d3">
         <path>/Applications/ti/ccs920/ccs/tools/compiler/ti-cgt-arm_18.12.3.LTS/lib/</path>
         <kind>archive</kind>
         <file>rtsv7M4_T_le_v4SPD16_eabi.lib</file>
         <name>boot_cortex_m.c.obj</name>
      </input_file>
      <input_file id="fl-d4">
         <path>/Applications/ti/ccs920/ccs/tools/compiler/ti-cgt-arm_18.12.3.LTS/lib/</path>
         <kind>archive</kind>
         <file>rtsv7M4_T_le_v4SPD16_eabi.lib</file>
         <name>fflush.c.obj</name>
      </input_file>
      <input_file id="fl-d5">
         <path>/Applications/ti/ccs920/ccs/tools/compiler/ti-cgt-arm_18.12.3.LTS/lib/</path>
         <kind>archive</kind>
         <file>rtsv7M4_T_le_v4SPD16_eabi.lib</file>
         <name>fopen.c.obj</name>
      </input_file>
      <input_file id="fl-d6">
         <path>/Applications/ti/ccs920/ccs/tools/compiler/ti-cgt-arm_18.12.3.LTS/lib/</path>
         <kind>archive</kind>
         <file>rtsv7M4_T_le_v4SPD16_eabi.lib</file>
         <name>fseek.c.obj</name>
      </input_file>
      <input_file id="fl-d7">
         <path>/Applications/ti/ccs920/ccs/tools/compiler/ti-cgt-arm_18.12.3.LTS/lib/</path>
         <kind>archive</kind>
         <file>rtsv7M4_T_le_v4SPD16_eabi.lib</file>
         <name>autoinit.c.obj</name>
      </input_file>
      <input_file id="fl-d8">
         <path>/Applications/ti/ccs920/ccs/tools/compiler/ti-cgt-arm_18.12.3.LTS/lib/</path>
         <kind>archive</kind>
         <file>rtsv7M4_T_le_v4SPD16_eabi.lib</file>
         <name>pre_init.c.obj</name>
      </input_file>
      <input_file id="fl-d9">
         <path>/Applications/ti/ccs920/ccs/tools/compiler/ti-cgt-arm_18.12.3.LTS/lib/</path>
         <kind>archive</kind>
         <file>rtsv7M4_T_le_v4SPD16_eabi.lib</file>
         <name>cpy_tbl.c.obj</name>
      </input_file>
      <input_file id="fl-da">
         <path>/Applications/ti/ccs920/ccs/tools/compiler/ti-cgt-arm_18.12.3.LTS/lib/</path>
         <kind>archive</kind>
         <file>rtsv7M4_T_le_v4SPD16_eabi.lib</file>
         <name>args_main.c.obj</name>
      </input_file>
      <input_file id="fl-db">
         <path>/Applications/ti/ccs920/ccs/tools/compiler/ti-cgt-arm_18.12.3.LTS/lib/</path>
         <kind>archive</kind>
         <file>rtsv7M4_T_le_v4SPD16_eabi.lib</file>
         <name>hostclose.c.obj</name>
      </input_file>
      <input_file id="fl-dc">
         <path>/Applications/ti/ccs920/ccs/tools/compiler/ti-cgt-arm_18.12.3.LTS/lib/</path>
         <kind>archive</kind>
         <file>rtsv7M4_T_le_v4SPD16_eabi.lib</file>
         <name>hostlseek.c.obj</name>
      </input_file>
      <input_file id="fl-dd">
         <path>/Applications/ti/ccs920/ccs/tools/compiler/ti-cgt-arm_18.12.3.LTS/lib/</path>
         <kind>archive</kind>
         <file>rtsv7M4_T_le_v4SPD16_eabi.lib</file>
         <name>hostopen.c.obj</name>
      </input_file>
      <input_file id="fl-de">
         <path>/Applications/ti/ccs920/ccs/tools/compiler/ti-cgt-arm_18.12.3.LTS/lib/</path>
         <kind>archive</kind>
         <file>rtsv7M4_T_le_v4SPD16_eabi.lib</file>
         <name>hostread.c.obj</name>
      </input_file>
      <input_file id="fl-df">
         <path>/Applications/ti/ccs920/ccs/tools/compiler/ti-cgt-arm_18.12.3.LTS/lib/</path>
         <kind>archive</kind>
         <file>rtsv7M4_T_le_v4SPD16_eabi.lib</file>
         <name>hostrename.c.obj</name>
      </input_file>
      <input_file id="fl-e0">
         <path>/Applications/ti/ccs920/ccs/tools/compiler/ti-cgt-arm_18.12.3.LTS/lib/</path>
         <kind>archive</kind>
         <file>rtsv7M4_T_le_v4SPD16_eabi.lib</file>
         <name>hostunlink.c.obj</name>
      </input_file>
      <input_file id="fl-e1">
         <path>/Applications/ti/ccs920/ccs/tools/compiler/ti-cgt-arm_18.12.3.LTS/lib/</path>
         <kind>archive</kind>
         <file>rtsv7M4_T_le_v4SPD16_eabi.lib</file>
         <name>hostwrite.c.obj</name>
      </input_file>
      <input_file id="fl-e2">
         <path>/Applications/ti/ccs920/ccs/tools/compiler/ti-cgt-arm_18.12.3.LTS/lib/</path>
         <kind>archive</kind>
         <file>rtsv7M4_T_le_v4SPD16_eabi.lib</file>
         <name>trgmsg.c.obj</name>
      </input_file>
      <input_file id="fl-e3">
         <path>/Applications/ti/ccs920/ccs/tools/compiler/ti-cgt-arm_18.12.3.LTS/lib/</path>
         <kind>archive</kind>
         <file>rtsv7M4_T_le_v4SPD16_eabi.lib</file>
         <name>open.c.obj</name>
      </input_file>
      <input_file id="fl-e4">
         <path>/Applications/ti/ccs920/ccs/tools/compiler/ti-cgt-arm_18.12.3.LTS/lib/</path>
         <kind>archive</kind>
         <file>rtsv7M4_T_le_v4SPD16_eabi.lib</file>
         <name>lseek.c.obj</name>
      </input_file>
      <input_file id="fl-e5">
         <path>/Applications/ti/ccs920/ccs/tools/compiler/ti-cgt-arm_18.12.3.LTS/lib/</path>
         <kind>archive</kind>
         <file>rtsv7M4_T_le_v4SPD16_eabi.lib</file>
         <name>fclose.c.obj</name>
      </input_file>
      <input_file id="fl-e6">
         <path>/Applications/ti/ccs920/ccs/tools/compiler/ti-cgt-arm_18.12.3.LTS/lib/</path>
         <kind>archive</kind>
         <file>rtsv7M4_T_le_v4SPD16_eabi.lib</file>
         <name>getdevice.c.obj</name>
      </input_file>
      <input_file id="fl-e7">
         <path>/Applications/ti/ccs920/ccs/tools/compiler/ti-cgt-arm_18.12.3.LTS/lib/</path>
         <kind>archive</kind>
         <file>rtsv7M4_T_le_v4SPD16_eabi.lib</file>
         <name>strchr.c.obj</name>
      </input_file>
      <input_file id="fl-e8">
         <path>/Applications/ti/ccs920/ccs/tools/compiler/ti-cgt-arm_18.12.3.LTS/lib/</path>
         <kind>archive</kind>
         <file>rtsv7M4_T_le_v4SPD16_eabi.lib</file>
         <name>strcpy.c.obj</name>
      </input_file>
      <input_file id="fl-e9">
         <path>/Applications/ti/ccs920/ccs/tools/compiler/ti-cgt-arm_18.12.3.LTS/lib/</path>
         <kind>archive</kind>
         <file>rtsv7M4_T_le_v4SPD16_eabi.lib</file>
         <name>strncpy.c.obj</name>
      </input_file>
      <input_file id="fl-ea">
         <path>/Applications/ti/ccs920/ccs/tools/compiler/ti-cgt-arm_18.12.3.LTS/lib/</path>
         <kind>archive</kind>
         <file>rtsv7M4_T_le_v4SPD16_eabi.lib</file>
         <name>remove.c.obj</name>
      </input_file>
      <input_file id="fl-eb">
         <path>/Applications/ti/ccs920/ccs/tools/compiler/ti-cgt-arm_18.12.3.LTS/lib/</path>
         <kind>archive</kind>
         <file>rtsv7M4_T_le_v4SPD16_eabi.lib</file>
         <name>close.c.obj</name>
      </input_file>
      <input_file id="fl-ec">
         <path>/Applications/ti/ccs920/ccs/tools/compiler/ti-cgt-arm_18.12.3.LTS/lib/</path>
         <kind>archive</kind>
         <file>rtsv7M4_T_le_v4SPD16_eabi.lib</file>
         <name>unlink.c.obj</name>
      </input_file>
   </input_file_list>
   <object_component_list>
      <object_component id="oc-f">
         <name>.intvecs</name>
         <load_address>0x0</load_address>
         <run_address>0x0</run_address>
         <size>0x26c</size>
         <input_file_ref idref="fl-3"/>
      </object_component>
      <object_component id="oc-d3">
         <name>.text</name>
         <load_address>0x26c</load_address>
         <run_address>0x26c</run_address>
         <size>0x1dec</size>
         <input_file_ref idref="fl-2"/>
      </object_component>
      <object_component id="oc-13c">
         <name>.text:__TI_printfi_minimal</name>
         <load_address>0x2058</load_address>
         <run_address>0x2058</run_address>
         <size>0x226</size>
         <input_file_ref idref="fl-bf"/>
      </object_component>
      <object_component id="oc-196">
         <name>.text:_nop</name>
         <load_address>0x227e</load_address>
         <run_address>0x227e</run_address>
         <size>0x2</size>
         <input_file_ref idref="fl-ca"/>
      </object_component>
      <object_component id="oc-1a4">
         <name>.text:fputs</name>
         <load_address>0x2280</load_address>
         <run_address>0x2280</run_address>
         <size>0x114</size>
         <input_file_ref idref="fl-c1"/>
      </object_component>
      <object_component id="oc-9f">
         <name>.text</name>
         <load_address>0x2394</load_address>
         <run_address>0x2394</run_address>
         <size>0x110</size>
         <input_file_ref idref="fl-1"/>
      </object_component>
      <object_component id="oc-273">
         <name>.text:aligned_alloc</name>
         <load_address>0x24a4</load_address>
         <run_address>0x24a4</run_address>
         <size>0xf4</size>
         <input_file_ref idref="fl-ce"/>
      </object_component>
      <object_component id="oc-231">
         <name>.text:free</name>
         <load_address>0x2598</load_address>
         <run_address>0x2598</run_address>
         <size>0xe8</size>
         <input_file_ref idref="fl-ce"/>
      </object_component>
      <object_component id="oc-214">
         <name>.text:setvbuf</name>
         <load_address>0x2680</load_address>
         <run_address>0x2680</run_address>
         <size>0xdc</size>
         <input_file_ref idref="fl-c3"/>
      </object_component>
      <object_component id="oc-3b">
         <name>.text</name>
         <load_address>0x275c</load_address>
         <run_address>0x275c</run_address>
         <size>0x9c</size>
         <input_file_ref idref="fl-c5"/>
      </object_component>
      <object_component id="oc-1ab">
         <name>.text:fputc</name>
         <load_address>0x27f8</load_address>
         <run_address>0x27f8</run_address>
         <size>0x8c</size>
         <input_file_ref idref="fl-c0"/>
      </object_component>
      <object_component id="oc-2bb">
         <name>.text:split</name>
         <load_address>0x2884</load_address>
         <run_address>0x2884</run_address>
         <size>0x7c</size>
         <input_file_ref idref="fl-ce"/>
      </object_component>
      <object_component id="oc-93">
         <name>.text</name>
         <load_address>0x2900</load_address>
         <run_address>0x2900</run_address>
         <size>0x7a</size>
         <input_file_ref idref="fl-c4"/>
      </object_component>
      <object_component id="oc-27a">
         <name>.text:__TI_closefile</name>
         <load_address>0x297c</load_address>
         <run_address>0x297c</run_address>
         <size>0x74</size>
         <input_file_ref idref="fl-e5"/>
      </object_component>
      <object_component id="oc-2aa">
         <name>.text:HOSTrename</name>
         <load_address>0x29f0</load_address>
         <run_address>0x29f0</run_address>
         <size>0x6c</size>
         <input_file_ref idref="fl-df"/>
      </object_component>
      <object_component id="oc-29e">
         <name>.text:HOSTlseek</name>
         <load_address>0x2a5c</load_address>
         <run_address>0x2a5c</run_address>
         <size>0x68</size>
         <input_file_ref idref="fl-dc"/>
      </object_component>
      <object_component id="oc-12">
         <name>.text:decompress:lzss:__TI_decompress_lzss</name>
         <load_address>0x2ac4</load_address>
         <run_address>0x2ac4</run_address>
         <size>0x68</size>
         <input_file_ref idref="fl-c8"/>
      </object_component>
      <object_component id="oc-d9">
         <name>.text:printf</name>
         <load_address>0x2b2c</load_address>
         <run_address>0x2b2c</run_address>
         <size>0x68</size>
         <input_file_ref idref="fl-be"/>
      </object_component>
      <object_component id="oc-20e">
         <name>.text:fseek</name>
         <load_address>0x2b94</load_address>
         <run_address>0x2b94</run_address>
         <size>0x64</size>
         <input_file_ref idref="fl-d6"/>
      </object_component>
      <object_component id="oc-1e2">
         <name>.text:__TI_wrt_ok</name>
         <load_address>0x2bf8</load_address>
         <run_address>0x2bf8</run_address>
         <size>0x62</size>
         <input_file_ref idref="fl-c2"/>
      </object_component>
      <object_component id="oc-286">
         <name>.text:HOSTopen</name>
         <load_address>0x2c5c</load_address>
         <run_address>0x2c5c</run_address>
         <size>0x60</size>
         <input_file_ref idref="fl-dd"/>
      </object_component>
      <object_component id="oc-2c2">
         <name>.text:close</name>
         <load_address>0x2cbc</load_address>
         <run_address>0x2cbc</run_address>
         <size>0x5c</size>
         <input_file_ref idref="fl-eb"/>
      </object_component>
      <object_component id="oc-292">
         <name>.text:HOSTread</name>
         <load_address>0x2d18</load_address>
         <run_address>0x2d18</run_address>
         <size>0x58</size>
         <input_file_ref idref="fl-de"/>
      </object_component>
      <object_component id="oc-298">
         <name>.text:HOSTwrite</name>
         <load_address>0x2d70</load_address>
         <run_address>0x2d70</run_address>
         <size>0x58</size>
         <input_file_ref idref="fl-e1"/>
      </object_component>
      <object_component id="oc-1ee">
         <name>.text:__TI_doflush</name>
         <load_address>0x2dc8</load_address>
         <run_address>0x2dc8</run_address>
         <size>0x4c</size>
         <input_file_ref idref="fl-d4"/>
      </object_component>
      <object_component id="oc-e6">
         <name>.text:exit</name>
         <load_address>0x2e14</load_address>
         <run_address>0x2e14</run_address>
         <size>0x48</size>
         <input_file_ref idref="fl-c9"/>
      </object_component>
      <object_component id="oc-28c">
         <name>.text:HOSTclose</name>
         <load_address>0x2e5c</load_address>
         <run_address>0x2e5c</run_address>
         <size>0x44</size>
         <input_file_ref idref="fl-db"/>
      </object_component>
      <object_component id="oc-2a4">
         <name>.text:HOSTunlink</name>
         <load_address>0x2ea0</load_address>
         <run_address>0x2ea0</run_address>
         <size>0x44</size>
         <input_file_ref idref="fl-e0"/>
      </object_component>
      <object_component id="oc-ec">
         <name>.text:__TI_auto_init_nobinit_nopinit:__TI_auto_init_nobinit_nopinit</name>
         <load_address>0x2ee4</load_address>
         <run_address>0x2ee4</run_address>
         <size>0x44</size>
         <input_file_ref idref="fl-d7"/>
      </object_component>
      <object_component id="oc-2fa">
         <name>.text:getdevice</name>
         <load_address>0x2f28</load_address>
         <run_address>0x2f28</run_address>
         <size>0x44</size>
         <input_file_ref idref="fl-e6"/>
      </object_component>
      <object_component id="oc-2d3">
         <name>.text:__TI_writemsg</name>
         <load_address>0x2f6c</load_address>
         <run_address>0x2f6c</run_address>
         <size>0x38</size>
         <input_file_ref idref="fl-e2"/>
      </object_component>
      <object_component id="oc-322">
         <name>.text:strncpy</name>
         <load_address>0x2fa4</load_address>
         <run_address>0x2fa4</run_address>
         <size>0x36</size>
         <input_file_ref idref="fl-e9"/>
      </object_component>
      <object_component id="oc-23d">
         <name>.text:__TI_cleanup</name>
         <load_address>0x2fdc</load_address>
         <run_address>0x2fdc</run_address>
         <size>0x34</size>
         <input_file_ref idref="fl-d5"/>
      </object_component>
      <object_component id="oc-2d9">
         <name>.text:__TI_readmsg</name>
         <load_address>0x3010</load_address>
         <run_address>0x3010</run_address>
         <size>0x34</size>
         <input_file_ref idref="fl-e2"/>
      </object_component>
      <object_component id="oc-59">
         <name>.text:_c_int00_noargs:_c_int00_noargs</name>
         <load_address>0x3044</load_address>
         <run_address>0x3044</run_address>
         <size>0x34</size>
         <input_file_ref idref="fl-d3"/>
      </object_component>
      <object_component id="oc-328">
         <name>.text:finddevice</name>
         <load_address>0x3078</load_address>
         <run_address>0x3078</run_address>
         <size>0x30</size>
         <input_file_ref idref="fl-e6"/>
      </object_component>
      <object_component id="oc-2c8">
         <name>.text:unlink</name>
         <load_address>0x30a8</load_address>
         <run_address>0x30a8</run_address>
         <size>0x2c</size>
         <input_file_ref idref="fl-ec"/>
      </object_component>
      <object_component id="oc-26c">
         <name>.text:free_list_insert</name>
         <load_address>0x30d4</load_address>
         <run_address>0x30d4</run_address>
         <size>0x28</size>
         <input_file_ref idref="fl-ce"/>
      </object_component>
      <object_component id="oc-229">
         <name>.text:lseek</name>
         <load_address>0x30fc</load_address>
         <run_address>0x30fc</run_address>
         <size>0x28</size>
         <input_file_ref idref="fl-e4"/>
      </object_component>
      <object_component id="oc-1f4">
         <name>.text:write</name>
         <load_address>0x3124</load_address>
         <run_address>0x3124</run_address>
         <size>0x28</size>
         <input_file_ref idref="fl-d1"/>
      </object_component>
      <object_component id="oc-1e8">
         <name>.text:memchr</name>
         <load_address>0x314c</load_address>
         <run_address>0x314c</run_address>
         <size>0x20</size>
         <input_file_ref idref="fl-cd"/>
      </object_component>
      <object_component id="oc-266">
         <name>.text:free_list_remove</name>
         <load_address>0x316c</load_address>
         <run_address>0x316c</run_address>
         <size>0x1c</size>
         <input_file_ref idref="fl-ce"/>
      </object_component>
      <object_component id="oc-189">
         <name>.text:memccpy</name>
         <load_address>0x3188</load_address>
         <run_address>0x3188</run_address>
         <size>0x1c</size>
         <input_file_ref idref="fl-cc"/>
      </object_component>
      <object_component id="oc-125">
         <name>.text:strcmp</name>
         <load_address>0x31a4</load_address>
         <run_address>0x31a4</run_address>
         <size>0x18</size>
         <input_file_ref idref="fl-cf"/>
      </object_component>
      <object_component id="oc-31c">
         <name>.text:strchr</name>
         <load_address>0x31bc</load_address>
         <run_address>0x31bc</run_address>
         <size>0x16</size>
         <input_file_ref idref="fl-e7"/>
      </object_component>
      <object_component id="oc-2ed">
         <name>.text:strcpy</name>
         <load_address>0x31d2</load_address>
         <run_address>0x31d2</run_address>
         <size>0x14</size>
         <input_file_ref idref="fl-e8"/>
      </object_component>
      <object_component id="oc-183">
         <name>.text:strlen</name>
         <load_address>0x31e6</load_address>
         <run_address>0x31e6</run_address>
         <size>0x14</size>
         <input_file_ref idref="fl-d0"/>
      </object_component>
      <object_component id="oc-18">
         <name>.text:decompress:none:__TI_decompress_none</name>
         <load_address>0x31fa</load_address>
         <run_address>0x31fa</run_address>
         <size>0xe</size>
         <input_file_ref idref="fl-c7"/>
      </object_component>
      <object_component id="oc-4d">
         <name>.text:decompress:ZI:__TI_zero_init</name>
         <load_address>0x3208</load_address>
         <run_address>0x3208</run_address>
         <size>0xc</size>
         <input_file_ref idref="fl-c6"/>
      </object_component>
      <object_component id="oc-27">
         <name>.text</name>
         <load_address>0x3214</load_address>
         <run_address>0x3214</run_address>
         <size>0xc</size>
         <input_file_ref idref="fl-3"/>
      </object_component>
      <object_component id="oc-237">
         <name>.text:malloc</name>
         <load_address>0x3220</load_address>
         <run_address>0x3220</run_address>
         <size>0x8</size>
         <input_file_ref idref="fl-ce"/>
      </object_component>
      <object_component id="oc-14e">
         <name>.text:_outc</name>
         <load_address>0x3228</load_address>
         <run_address>0x3228</run_address>
         <size>0x4</size>
         <input_file_ref idref="fl-be"/>
      </object_component>
      <object_component id="oc-148">
         <name>.text:_outs</name>
         <load_address>0x322c</load_address>
         <run_address>0x322c</run_address>
         <size>0x4</size>
         <input_file_ref idref="fl-be"/>
      </object_component>
      <object_component id="oc-99">
         <name>.text:_system_pre_init</name>
         <load_address>0x3230</load_address>
         <run_address>0x3230</run_address>
         <size>0x4</size>
         <input_file_ref idref="fl-d8"/>
      </object_component>
      <object_component id="oc-e0">
         <name>.text:abort:abort</name>
         <load_address>0x3234</load_address>
         <run_address>0x3234</run_address>
         <size>0x4</size>
         <input_file_ref idref="fl-c9"/>
      </object_component>
      <object_component id="oc-371">
         <name>.cinit..data.load</name>
         <load_address>0x3238</load_address>
         <run_address>0x3238</run_address>
         <size>0x6e</size>
      </object_component>
      <object_component id="oc-36f">
         <name>__TI_handler_table</name>
         <load_address>0x32a8</load_address>
         <run_address>0x32a8</run_address>
         <size>0xc</size>
      </object_component>
      <object_component id="oc-372">
         <name>.cinit..bss.load</name>
         <load_address>0x32b8</load_address>
         <run_address>0x32b8</run_address>
         <size>0x8</size>
      </object_component>
      <object_component id="oc-370">
         <name>__TI_cinit_table</name>
         <load_address>0x32c0</load_address>
         <run_address>0x32c0</run_address>
         <size>0x10</size>
      </object_component>
      <object_component id="oc-12b">
         <name>.data</name>
         <load_address>0x20006cd0</load_address>
         <run_address>0x20006cd0</run_address>
         <size>0x1c</size>
         <input_file_ref idref="fl-2"/>
      </object_component>
      <object_component id="oc-15c">
         <name>.data:$O1$$</name>
         <load_address>0x20006cfc</load_address>
         <run_address>0x20006cfc</run_address>
         <size>0xc</size>
         <input_file_ref idref="fl-c9"/>
      </object_component>
      <object_component id="oc-142">
         <name>.data:$O1$$</name>
         <load_address>0x20006d08</load_address>
         <run_address>0x20006d08</run_address>
         <size>0x8</size>
         <input_file_ref idref="fl-ca"/>
      </object_component>
      <object_component id="oc-145">
         <name>.data:_ftable</name>
         <load_address>0x20006b18</load_address>
         <run_address>0x20006b18</run_address>
         <size>0xf0</size>
         <input_file_ref idref="fl-cb"/>
      </object_component>
      <object_component id="oc-280">
         <name>.data</name>
         <load_address>0x20006cec</load_address>
         <run_address>0x20006cec</run_address>
         <size>0x10</size>
         <input_file_ref idref="fl-cb"/>
      </object_component>
      <object_component id="oc-2b6">
         <name>.data:$O1$$</name>
         <load_address>0x20006d10</load_address>
         <run_address>0x20006d10</run_address>
         <size>0x8</size>
         <input_file_ref idref="fl-ce"/>
      </object_component>
      <object_component id="oc-250">
         <name>.data:_device</name>
         <load_address>0x20006c08</load_address>
         <run_address>0x20006c08</run_address>
         <size>0x78</size>
         <input_file_ref idref="fl-d2"/>
      </object_component>
      <object_component id="oc-220">
         <name>.data:_stream</name>
         <load_address>0x20006c80</load_address>
         <run_address>0x20006c80</run_address>
         <size>0x50</size>
         <input_file_ref idref="fl-d2"/>
      </object_component>
      <object_component id="oc-304">
         <name>.bss:_CIOBUF_</name>
         <uninitialized>true</uninitialized>
         <run_address>0x20006530</run_address>
         <size>0x120</size>
         <input_file_ref idref="fl-e2"/>
      </object_component>
      <object_component id="oc-132">
         <name>.common:Timer1</name>
         <uninitialized>true</uninitialized>
         <run_address>0x20006714</run_address>
         <size>0x1</size>
      </object_component>
      <object_component id="oc-131">
         <name>.common:Timer2</name>
         <uninitialized>true</uninitialized>
         <run_address>0x20006715</run_address>
         <size>0x1</size>
      </object_component>
      <object_component id="oc-134">
         <name>.common:lba_begin_address</name>
         <uninitialized>true</uninitialized>
         <run_address>0x20006704</run_address>
         <size>0x4</size>
      </object_component>
      <object_component id="oc-135">
         <name>.common:number_of_sectors</name>
         <uninitialized>true</uninitialized>
         <run_address>0x20006708</run_address>
         <size>0x4</size>
      </object_component>
      <object_component id="oc-138">
         <name>.common:lba_addr</name>
         <uninitialized>true</uninitialized>
         <run_address>0x20006700</run_address>
         <size>0x4</size>
      </object_component>
      <object_component id="oc-136">
         <name>.common:fat_begin_lba</name>
         <uninitialized>true</uninitialized>
         <run_address>0x200066fc</run_address>
         <size>0x4</size>
      </object_component>
      <object_component id="oc-137">
         <name>.common:sectors_per_fat</name>
         <uninitialized>true</uninitialized>
         <run_address>0x20006710</run_address>
         <size>0x4</size>
      </object_component>
      <object_component id="oc-133">
         <name>.common:root_dir_first_cluster</name>
         <uninitialized>true</uninitialized>
         <run_address>0x2000670c</run_address>
         <size>0x4</size>
      </object_component>
      <object_component id="oc-13a">
         <name>.common:sectors_per_cluster</name>
         <uninitialized>true</uninitialized>
         <run_address>0x20006716</run_address>
         <size>0x1</size>
      </object_component>
      <object_component id="oc-139">
         <name>.common:cluster_begin_lba</name>
         <uninitialized>true</uninitialized>
         <run_address>0x200066f8</run_address>
         <size>0x4</size>
      </object_component>
      <object_component id="oc-12e">
         <name>.common:file_dir</name>
         <uninitialized>true</uninitialized>
         <run_address>0x20003970</run_address>
         <size>0x2bc0</size>
      </object_component>
      <object_component id="oc-2ce">
         <name>.common:__TI_tmpnams</name>
         <uninitialized>true</uninitialized>
         <run_address>0x20006650</run_address>
         <size>0xa0</size>
      </object_component>
      <object_component id="oc-2df">
         <name>.common:parmbuf</name>
         <uninitialized>true</uninitialized>
         <run_address>0x200066f0</run_address>
         <size>0x8</size>
      </object_component>
      <object_component id="oc-21">
         <name>.sysmem</name>
         <uninitialized>true</uninitialized>
         <run_address>0x20006718</run_address>
         <size>0x10</size>
         <input_file_ref idref="fl-ce"/>
      </object_component>
      <object_component id="oc-374">
         <name>.sysmem</name>
         <uninitialized>true</uninitialized>
         <run_address>0x20006718</run_address>
         <size>0x0</size>
      </object_component>
      <object_component id="oc-24">
         <name>.stack</name>
         <uninitialized>true</uninitialized>
         <run_address>0x20000000</run_address>
         <size>0x4</size>
         <input_file_ref idref="fl-d3"/>
      </object_component>
      <object_component id="oc-373">
         <name>.stack</name>
         <uninitialized>true</uninitialized>
         <run_address>0x20000000</run_address>
         <size>0x0</size>
      </object_component>
      <object_component id="oc-c2">
         <name>.debug_info</name>
         <load_address>0x0</load_address>
         <run_address>0x0</run_address>
         <size>0x4c6</size>
         <input_file_ref idref="fl-1"/>
      </object_component>
      <object_component id="oc-a0">
         <name>.debug_info</name>
         <load_address>0x4c6</load_address>
         <run_address>0x4c6</run_address>
         <size>0x37c</size>
         <input_file_ref idref="fl-1"/>
      </object_component>
      <object_component id="oc-74">
         <name>.debug_info</name>
         <load_address>0x842</load_address>
         <run_address>0x842</run_address>
         <size>0x26b</size>
         <input_file_ref idref="fl-1"/>
      </object_component>
      <object_component id="oc-120">
         <name>.debug_info</name>
         <load_address>0xaad</load_address>
         <run_address>0xaad</run_address>
         <size>0xb1</size>
         <input_file_ref idref="fl-1"/>
      </object_component>
      <object_component id="oc-36">
         <name>.debug_info</name>
         <load_address>0xb5e</load_address>
         <run_address>0xb5e</run_address>
         <size>0x84</size>
         <input_file_ref idref="fl-1"/>
      </object_component>
      <object_component id="oc-bd">
         <name>.debug_info</name>
         <load_address>0xbe2</load_address>
         <run_address>0xbe2</run_address>
         <size>0x297</size>
         <input_file_ref idref="fl-1"/>
      </object_component>
      <object_component id="oc-79">
         <name>.debug_info</name>
         <load_address>0xe79</load_address>
         <run_address>0xe79</run_address>
         <size>0xbb</size>
         <input_file_ref idref="fl-1"/>
      </object_component>
      <object_component id="oc-156">
         <name>.debug_info</name>
         <load_address>0xf34</load_address>
         <run_address>0xf34</run_address>
         <size>0x2c</size>
         <input_file_ref idref="fl-1"/>
      </object_component>
      <object_component id="oc-12f">
         <name>.debug_info</name>
         <load_address>0xf60</load_address>
         <run_address>0xf60</run_address>
         <size>0x580</size>
         <input_file_ref idref="fl-2"/>
      </object_component>
      <object_component id="oc-12c">
         <name>.debug_info</name>
         <load_address>0x14e0</load_address>
         <run_address>0x14e0</run_address>
         <size>0x1fc</size>
         <input_file_ref idref="fl-2"/>
      </object_component>
      <object_component id="oc-d4">
         <name>.debug_info</name>
         <load_address>0x16dc</load_address>
         <run_address>0x16dc</run_address>
         <size>0x1b97</size>
         <input_file_ref idref="fl-2"/>
      </object_component>
      <object_component id="oc-17e">
         <name>.debug_info</name>
         <load_address>0x3273</load_address>
         <run_address>0x3273</run_address>
         <size>0x16c</size>
         <input_file_ref idref="fl-2"/>
      </object_component>
      <object_component id="oc-2f">
         <name>.debug_info</name>
         <load_address>0x33df</load_address>
         <run_address>0x33df</run_address>
         <size>0x2b3</size>
         <input_file_ref idref="fl-3"/>
      </object_component>
      <object_component id="oc-10">
         <name>.debug_info</name>
         <load_address>0x3692</load_address>
         <run_address>0x3692</run_address>
         <size>0xf2</size>
         <input_file_ref idref="fl-3"/>
      </object_component>
      <object_component id="oc-28">
         <name>.debug_info</name>
         <load_address>0x3784</load_address>
         <run_address>0x3784</run_address>
         <size>0x26e</size>
         <input_file_ref idref="fl-3"/>
      </object_component>
      <object_component id="oc-155">
         <name>.debug_info</name>
         <load_address>0x39f2</load_address>
         <run_address>0x39f2</run_address>
         <size>0x3e6</size>
         <input_file_ref idref="fl-be"/>
      </object_component>
      <object_component id="oc-14f">
         <name>.debug_info</name>
         <load_address>0x3dd8</load_address>
         <run_address>0x3dd8</run_address>
         <size>0x158</size>
         <input_file_ref idref="fl-be"/>
      </object_component>
      <object_component id="oc-149">
         <name>.debug_info</name>
         <load_address>0x3f30</load_address>
         <run_address>0x3f30</run_address>
         <size>0x167</size>
         <input_file_ref idref="fl-be"/>
      </object_component>
      <object_component id="oc-da">
         <name>.debug_info</name>
         <load_address>0x4097</load_address>
         <run_address>0x4097</run_address>
         <size>0x1ad</size>
         <input_file_ref idref="fl-be"/>
      </object_component>
      <object_component id="oc-1b4">
         <name>.debug_info</name>
         <load_address>0x4244</load_address>
         <run_address>0x4244</run_address>
         <size>0xb2</size>
         <input_file_ref idref="fl-be"/>
      </object_component>
      <object_component id="oc-190">
         <name>.debug_info</name>
         <load_address>0x42f6</load_address>
         <run_address>0x42f6</run_address>
         <size>0x3d0</size>
         <input_file_ref idref="fl-bf"/>
      </object_component>
      <object_component id="oc-13d">
         <name>.debug_info</name>
         <load_address>0x46c6</load_address>
         <run_address>0x46c6</run_address>
         <size>0x416</size>
         <input_file_ref idref="fl-bf"/>
      </object_component>
      <object_component id="oc-191">
         <name>.debug_info</name>
         <load_address>0x4adc</load_address>
         <run_address>0x4adc</run_address>
         <size>0x39</size>
         <input_file_ref idref="fl-bf"/>
      </object_component>
      <object_component id="oc-1d8">
         <name>.debug_info</name>
         <load_address>0x4b15</load_address>
         <run_address>0x4b15</run_address>
         <size>0x2c</size>
         <input_file_ref idref="fl-bf"/>
      </object_component>
      <object_component id="oc-1fd">
         <name>.debug_info</name>
         <load_address>0x4b41</load_address>
         <run_address>0x4b41</run_address>
         <size>0x384</size>
         <input_file_ref idref="fl-c0"/>
      </object_component>
      <object_component id="oc-1ac">
         <name>.debug_info</name>
         <load_address>0x4ec5</load_address>
         <run_address>0x4ec5</run_address>
         <size>0x1eb</size>
         <input_file_ref idref="fl-c0"/>
      </object_component>
      <object_component id="oc-1fb">
         <name>.debug_info</name>
         <load_address>0x50b0</load_address>
         <run_address>0x50b0</run_address>
         <size>0x3fd</size>
         <input_file_ref idref="fl-c1"/>
      </object_component>
      <object_component id="oc-1a5">
         <name>.debug_info</name>
         <load_address>0x54ad</load_address>
         <run_address>0x54ad</run_address>
         <size>0x2e3</size>
         <input_file_ref idref="fl-c1"/>
      </object_component>
      <object_component id="oc-ca">
         <name>.debug_info</name>
         <load_address>0x5790</load_address>
         <run_address>0x5790</run_address>
         <size>0x2c</size>
         <input_file_ref idref="fl-c1"/>
      </object_component>
      <object_component id="oc-21b">
         <name>.debug_info</name>
         <load_address>0x57bc</load_address>
         <run_address>0x57bc</run_address>
         <size>0x301</size>
         <input_file_ref idref="fl-c2"/>
      </object_component>
      <object_component id="oc-1e3">
         <name>.debug_info</name>
         <load_address>0x5abd</load_address>
         <run_address>0x5abd</run_address>
         <size>0x19d</size>
         <input_file_ref idref="fl-c2"/>
      </object_component>
      <object_component id="oc-245">
         <name>.debug_info</name>
         <load_address>0x5c5a</load_address>
         <run_address>0x5c5a</run_address>
         <size>0xbf</size>
         <input_file_ref idref="fl-c2"/>
      </object_component>
      <object_component id="oc-244">
         <name>.debug_info</name>
         <load_address>0x5d19</load_address>
         <run_address>0x5d19</run_address>
         <size>0x375</size>
         <input_file_ref idref="fl-c3"/>
      </object_component>
      <object_component id="oc-215">
         <name>.debug_info</name>
         <load_address>0x608e</load_address>
         <run_address>0x608e</run_address>
         <size>0x20c</size>
         <input_file_ref idref="fl-c3"/>
      </object_component>
      <object_component id="oc-94">
         <name>.debug_info</name>
         <load_address>0x629a</load_address>
         <run_address>0x629a</run_address>
         <size>0x148</size>
         <input_file_ref idref="fl-c4"/>
      </object_component>
      <object_component id="oc-3c">
         <name>.debug_info</name>
         <load_address>0x63e2</load_address>
         <run_address>0x63e2</run_address>
         <size>0x11a</size>
         <input_file_ref idref="fl-c5"/>
      </object_component>
      <object_component id="oc-92">
         <name>.debug_info</name>
         <load_address>0x64fc</load_address>
         <run_address>0x64fc</run_address>
         <size>0x2d5</size>
         <input_file_ref idref="fl-c6"/>
      </object_component>
      <object_component id="oc-4e">
         <name>.debug_info</name>
         <load_address>0x67d1</load_address>
         <run_address>0x67d1</run_address>
         <size>0x1b6</size>
         <input_file_ref idref="fl-c6"/>
      </object_component>
      <object_component id="oc-8d">
         <name>.debug_info</name>
         <load_address>0x6987</load_address>
         <run_address>0x6987</run_address>
         <size>0x46</size>
         <input_file_ref idref="fl-c6"/>
      </object_component>
      <object_component id="oc-46">
         <name>.debug_info</name>
         <load_address>0x69cd</load_address>
         <run_address>0x69cd</run_address>
         <size>0x2a9</size>
         <input_file_ref idref="fl-c7"/>
      </object_component>
      <object_component id="oc-19">
         <name>.debug_info</name>
         <load_address>0x6c76</load_address>
         <run_address>0x6c76</run_address>
         <size>0x1eb</size>
         <input_file_ref idref="fl-c7"/>
      </object_component>
      <object_component id="oc-41">
         <name>.debug_info</name>
         <load_address>0x6e61</load_address>
         <run_address>0x6e61</run_address>
         <size>0x46</size>
         <input_file_ref idref="fl-c7"/>
      </object_component>
      <object_component id="oc-85">
         <name>.debug_info</name>
         <load_address>0x6ea7</load_address>
         <run_address>0x6ea7</run_address>
         <size>0x2c</size>
         <input_file_ref idref="fl-c7"/>
      </object_component>
      <object_component id="oc-83">
         <name>.debug_info</name>
         <load_address>0x6ed3</load_address>
         <run_address>0x6ed3</run_address>
         <size>0x29f</size>
         <input_file_ref idref="fl-c8"/>
      </object_component>
      <object_component id="oc-13">
         <name>.debug_info</name>
         <load_address>0x7172</load_address>
         <run_address>0x7172</run_address>
         <size>0x251</size>
         <input_file_ref idref="fl-c8"/>
      </object_component>
      <object_component id="oc-31">
         <name>.debug_info</name>
         <load_address>0x73c3</load_address>
         <run_address>0x73c3</run_address>
         <size>0x60</size>
         <input_file_ref idref="fl-c8"/>
      </object_component>
      <object_component id="oc-c3">
         <name>.debug_info</name>
         <load_address>0x7423</load_address>
         <run_address>0x7423</run_address>
         <size>0x46</size>
         <input_file_ref idref="fl-c8"/>
      </object_component>
      <object_component id="oc-7e">
         <name>.debug_info</name>
         <load_address>0x7469</load_address>
         <run_address>0x7469</run_address>
         <size>0x39</size>
         <input_file_ref idref="fl-c8"/>
      </object_component>
      <object_component id="oc-160">
         <name>.debug_info</name>
         <load_address>0x74a2</load_address>
         <run_address>0x74a2</run_address>
         <size>0x3ae</size>
         <input_file_ref idref="fl-c9"/>
      </object_component>
      <object_component id="oc-15d">
         <name>.debug_info</name>
         <load_address>0x7850</load_address>
         <run_address>0x7850</run_address>
         <size>0x191</size>
         <input_file_ref idref="fl-c9"/>
      </object_component>
      <object_component id="oc-e1">
         <name>.debug_info</name>
         <load_address>0x79e1</load_address>
         <run_address>0x79e1</run_address>
         <size>0x123</size>
         <input_file_ref idref="fl-c9"/>
      </object_component>
      <object_component id="oc-e7">
         <name>.debug_info</name>
         <load_address>0x7b04</load_address>
         <run_address>0x7b04</run_address>
         <size>0x185</size>
         <input_file_ref idref="fl-c9"/>
      </object_component>
      <object_component id="oc-19e">
         <name>.debug_info</name>
         <load_address>0x7c89</load_address>
         <run_address>0x7c89</run_address>
         <size>0x2ca</size>
         <input_file_ref idref="fl-ca"/>
      </object_component>
      <object_component id="oc-143">
         <name>.debug_info</name>
         <load_address>0x7f53</load_address>
         <run_address>0x7f53</run_address>
         <size>0x11f</size>
         <input_file_ref idref="fl-ca"/>
      </object_component>
      <object_component id="oc-197">
         <name>.debug_info</name>
         <load_address>0x8072</load_address>
         <run_address>0x8072</run_address>
         <size>0x12f</size>
         <input_file_ref idref="fl-ca"/>
      </object_component>
      <object_component id="oc-1a2">
         <name>.debug_info</name>
         <load_address>0x81a1</load_address>
         <run_address>0x81a1</run_address>
         <size>0x145</size>
         <input_file_ref idref="fl-cb"/>
      </object_component>
      <object_component id="oc-146">
         <name>.debug_info</name>
         <load_address>0x82e6</load_address>
         <run_address>0x82e6</run_address>
         <size>0x103</size>
         <input_file_ref idref="fl-cb"/>
      </object_component>
      <object_component id="oc-281">
         <name>.debug_info</name>
         <load_address>0x83e9</load_address>
         <run_address>0x83e9</run_address>
         <size>0x190</size>
         <input_file_ref idref="fl-cb"/>
      </object_component>
      <object_component id="oc-1d5">
         <name>.debug_info</name>
         <load_address>0x8579</load_address>
         <run_address>0x8579</run_address>
         <size>0x297</size>
         <input_file_ref idref="fl-cc"/>
      </object_component>
      <object_component id="oc-18a">
         <name>.debug_info</name>
         <load_address>0x8810</load_address>
         <run_address>0x8810</run_address>
         <size>0x1b7</size>
         <input_file_ref idref="fl-cc"/>
      </object_component>
      <object_component id="oc-21d">
         <name>.debug_info</name>
         <load_address>0x89c7</load_address>
         <run_address>0x89c7</run_address>
         <size>0x2a6</size>
         <input_file_ref idref="fl-cd"/>
      </object_component>
      <object_component id="oc-1e9">
         <name>.debug_info</name>
         <load_address>0x8c6d</load_address>
         <run_address>0x8c6d</run_address>
         <size>0x25e</size>
         <input_file_ref idref="fl-cd"/>
      </object_component>
      <object_component id="oc-6d">
         <name>.debug_info</name>
         <load_address>0x8ecb</load_address>
         <run_address>0x8ecb</run_address>
         <size>0x3b3</size>
         <input_file_ref idref="fl-ce"/>
      </object_component>
      <object_component id="oc-22">
         <name>.debug_info</name>
         <load_address>0x927e</load_address>
         <run_address>0x927e</run_address>
         <size>0x10d</size>
         <input_file_ref idref="fl-ce"/>
      </object_component>
      <object_component id="oc-2b7">
         <name>.debug_info</name>
         <load_address>0x938b</load_address>
         <run_address>0x938b</run_address>
         <size>0x140</size>
         <input_file_ref idref="fl-ce"/>
      </object_component>
      <object_component id="oc-238">
         <name>.debug_info</name>
         <load_address>0x94cb</load_address>
         <run_address>0x94cb</run_address>
         <size>0x169</size>
         <input_file_ref idref="fl-ce"/>
      </object_component>
      <object_component id="oc-267">
         <name>.debug_info</name>
         <load_address>0x9634</load_address>
         <run_address>0x9634</run_address>
         <size>0x18f</size>
         <input_file_ref idref="fl-ce"/>
      </object_component>
      <object_component id="oc-26d">
         <name>.debug_info</name>
         <load_address>0x97c3</load_address>
         <run_address>0x97c3</run_address>
         <size>0x1a0</size>
         <input_file_ref idref="fl-ce"/>
      </object_component>
      <object_component id="oc-232">
         <name>.debug_info</name>
         <load_address>0x9963</load_address>
         <run_address>0x9963</run_address>
         <size>0x204</size>
         <input_file_ref idref="fl-ce"/>
      </object_component>
      <object_component id="oc-2bc">
         <name>.debug_info</name>
         <load_address>0x9b67</load_address>
         <run_address>0x9b67</run_address>
         <size>0x1dc</size>
         <input_file_ref idref="fl-ce"/>
      </object_component>
      <object_component id="oc-274">
         <name>.debug_info</name>
         <load_address>0x9d43</load_address>
         <run_address>0x9d43</run_address>
         <size>0x29a</size>
         <input_file_ref idref="fl-ce"/>
      </object_component>
      <object_component id="oc-b8">
         <name>.debug_info</name>
         <load_address>0x9fdd</load_address>
         <run_address>0x9fdd</run_address>
         <size>0xb2</size>
         <input_file_ref idref="fl-ce"/>
      </object_component>
      <object_component id="oc-b3">
         <name>.debug_info</name>
         <load_address>0xa08f</load_address>
         <run_address>0xa08f</run_address>
         <size>0x2c</size>
         <input_file_ref idref="fl-ce"/>
      </object_component>
      <object_component id="oc-179">
         <name>.debug_info</name>
         <load_address>0xa0bb</load_address>
         <run_address>0xa0bb</run_address>
         <size>0x28b</size>
         <input_file_ref idref="fl-cf"/>
      </object_component>
      <object_component id="oc-126">
         <name>.debug_info</name>
         <load_address>0xa346</load_address>
         <run_address>0xa346</run_address>
         <size>0x274</size>
         <input_file_ref idref="fl-cf"/>
      </object_component>
      <object_component id="oc-1d3">
         <name>.debug_info</name>
         <load_address>0xa5ba</load_address>
         <run_address>0xa5ba</run_address>
         <size>0x290</size>
         <input_file_ref idref="fl-d0"/>
      </object_component>
      <object_component id="oc-184">
         <name>.debug_info</name>
         <load_address>0xa84a</load_address>
         <run_address>0xa84a</run_address>
         <size>0x246</size>
         <input_file_ref idref="fl-d0"/>
      </object_component>
      <object_component id="oc-224">
         <name>.debug_info</name>
         <load_address>0xaa90</load_address>
         <run_address>0xaa90</run_address>
         <size>0x398</size>
         <input_file_ref idref="fl-d1"/>
      </object_component>
      <object_component id="oc-1f5">
         <name>.debug_info</name>
         <load_address>0xae28</load_address>
         <run_address>0xae28</run_address>
         <size>0x190</size>
         <input_file_ref idref="fl-d1"/>
      </object_component>
      <object_component id="oc-258">
         <name>.debug_info</name>
         <load_address>0xafb8</load_address>
         <run_address>0xafb8</run_address>
         <size>0x120</size>
         <input_file_ref idref="fl-d1"/>
      </object_component>
      <object_component id="oc-25d">
         <name>.debug_info</name>
         <load_address>0xb0d8</load_address>
         <run_address>0xb0d8</run_address>
         <size>0x2c</size>
         <input_file_ref idref="fl-d1"/>
      </object_component>
      <object_component id="oc-255">
         <name>.debug_info</name>
         <load_address>0xb104</load_address>
         <run_address>0xb104</run_address>
         <size>0x338</size>
         <input_file_ref idref="fl-d2"/>
      </object_component>
      <object_component id="oc-251">
         <name>.debug_info</name>
         <load_address>0xb43c</load_address>
         <run_address>0xb43c</run_address>
         <size>0x10a</size>
         <input_file_ref idref="fl-d2"/>
      </object_component>
      <object_component id="oc-221">
         <name>.debug_info</name>
         <load_address>0xb546</load_address>
         <run_address>0xb546</run_address>
         <size>0x10a</size>
         <input_file_ref idref="fl-d2"/>
      </object_component>
      <object_component id="oc-25">
         <name>.debug_info</name>
         <load_address>0xb650</load_address>
         <run_address>0xb650</run_address>
         <size>0x10c</size>
         <input_file_ref idref="fl-d3"/>
      </object_component>
      <object_component id="oc-5a">
         <name>.debug_info</name>
         <load_address>0xb75c</load_address>
         <run_address>0xb75c</run_address>
         <size>0x1aa</size>
         <input_file_ref idref="fl-d3"/>
      </object_component>
      <object_component id="oc-21f">
         <name>.debug_info</name>
         <load_address>0xb906</load_address>
         <run_address>0xb906</run_address>
         <size>0x348</size>
         <input_file_ref idref="fl-d4"/>
      </object_component>
      <object_component id="oc-1ef">
         <name>.debug_info</name>
         <load_address>0xbc4e</load_address>
         <run_address>0xbc4e</run_address>
         <size>0x18b</size>
         <input_file_ref idref="fl-d4"/>
      </object_component>
      <object_component id="oc-23e">
         <name>.debug_info</name>
         <load_address>0xbdd9</load_address>
         <run_address>0xbdd9</run_address>
         <size>0x177</size>
         <input_file_ref idref="fl-d5"/>
      </object_component>
      <object_component id="oc-230">
         <name>.debug_info</name>
         <load_address>0xbf50</load_address>
         <run_address>0xbf50</run_address>
         <size>0x325</size>
         <input_file_ref idref="fl-d6"/>
      </object_component>
      <object_component id="oc-20f">
         <name>.debug_info</name>
         <load_address>0xc275</load_address>
         <run_address>0xc275</run_address>
         <size>0x1ed</size>
         <input_file_ref idref="fl-d6"/>
      </object_component>
      <object_component id="oc-163">
         <name>.debug_info</name>
         <load_address>0xc462</load_address>
         <run_address>0xc462</run_address>
         <size>0x4b4</size>
         <input_file_ref idref="fl-d7"/>
      </object_component>
      <object_component id="oc-ed">
         <name>.debug_info</name>
         <load_address>0xc916</load_address>
         <run_address>0xc916</run_address>
         <size>0x1a7</size>
         <input_file_ref idref="fl-d7"/>
      </object_component>
      <object_component id="oc-1bf">
         <name>.debug_info</name>
         <load_address>0xcabd</load_address>
         <run_address>0xcabd</run_address>
         <size>0x39</size>
         <input_file_ref idref="fl-d7"/>
      </object_component>
      <object_component id="oc-1fe">
         <name>.debug_info</name>
         <load_address>0xcaf6</load_address>
         <run_address>0xcaf6</run_address>
         <size>0x39</size>
         <input_file_ref idref="fl-d7"/>
      </object_component>
      <object_component id="oc-1c4">
         <name>.debug_info</name>
         <load_address>0xcb2f</load_address>
         <run_address>0xcb2f</run_address>
         <size>0x39</size>
         <input_file_ref idref="fl-d7"/>
      </object_component>
      <object_component id="oc-1c9">
         <name>.debug_info</name>
         <load_address>0xcb68</load_address>
         <run_address>0xcb68</run_address>
         <size>0xcd</size>
         <input_file_ref idref="fl-d7"/>
      </object_component>
      <object_component id="oc-9a">
         <name>.debug_info</name>
         <load_address>0xcc35</load_address>
         <run_address>0xcc35</run_address>
         <size>0x154</size>
         <input_file_ref idref="fl-d8"/>
      </object_component>
      <object_component id="oc-2e4">
         <name>.debug_info</name>
         <load_address>0xcd89</load_address>
         <run_address>0xcd89</run_address>
         <size>0x374</size>
         <input_file_ref idref="fl-db"/>
      </object_component>
      <object_component id="oc-28d">
         <name>.debug_info</name>
         <load_address>0xd0fd</load_address>
         <run_address>0xd0fd</run_address>
         <size>0x1bd</size>
         <input_file_ref idref="fl-db"/>
      </object_component>
      <object_component id="oc-2ea">
         <name>.debug_info</name>
         <load_address>0xd2ba</load_address>
         <run_address>0xd2ba</run_address>
         <size>0x379</size>
         <input_file_ref idref="fl-dc"/>
      </object_component>
      <object_component id="oc-29f">
         <name>.debug_info</name>
         <load_address>0xd633</load_address>
         <run_address>0xd633</run_address>
         <size>0x211</size>
         <input_file_ref idref="fl-dc"/>
      </object_component>
      <object_component id="oc-2e0">
         <name>.debug_info</name>
         <load_address>0xd844</load_address>
         <run_address>0xd844</run_address>
         <size>0x3a4</size>
         <input_file_ref idref="fl-dd"/>
      </object_component>
      <object_component id="oc-287">
         <name>.debug_info</name>
         <load_address>0xdbe8</load_address>
         <run_address>0xdbe8</run_address>
         <size>0x20d</size>
         <input_file_ref idref="fl-dd"/>
      </object_component>
      <object_component id="oc-2e6">
         <name>.debug_info</name>
         <load_address>0xddf5</load_address>
         <run_address>0xddf5</run_address>
         <size>0x378</size>
         <input_file_ref idref="fl-de"/>
      </object_component>
      <object_component id="oc-293">
         <name>.debug_info</name>
         <load_address>0xe16d</load_address>
         <run_address>0xe16d</run_address>
         <size>0x1fc</size>
         <input_file_ref idref="fl-de"/>
      </object_component>
      <object_component id="oc-2f4">
         <name>.debug_info</name>
         <load_address>0xe369</load_address>
         <run_address>0xe369</run_address>
         <size>0x3d6</size>
         <input_file_ref idref="fl-df"/>
      </object_component>
      <object_component id="oc-2ab">
         <name>.debug_info</name>
         <load_address>0xe73f</load_address>
         <run_address>0xe73f</run_address>
         <size>0x237</size>
         <input_file_ref idref="fl-df"/>
      </object_component>
      <object_component id="oc-2ec">
         <name>.debug_info</name>
         <load_address>0xe976</load_address>
         <run_address>0xe976</run_address>
         <size>0x397</size>
         <input_file_ref idref="fl-e0"/>
      </object_component>
      <object_component id="oc-2a5">
         <name>.debug_info</name>
         <load_address>0xed0d</load_address>
         <run_address>0xed0d</run_address>
         <size>0x1c7</size>
         <input_file_ref idref="fl-e0"/>
      </object_component>
      <object_component id="oc-2e8">
         <name>.debug_info</name>
         <load_address>0xeed4</load_address>
         <run_address>0xeed4</run_address>
         <size>0x379</size>
         <input_file_ref idref="fl-e1"/>
      </object_component>
      <object_component id="oc-299">
         <name>.debug_info</name>
         <load_address>0xf24d</load_address>
         <run_address>0xf24d</run_address>
         <size>0x201</size>
         <input_file_ref idref="fl-e1"/>
      </object_component>
      <object_component id="oc-308">
         <name>.debug_info</name>
         <load_address>0xf44e</load_address>
         <run_address>0xf44e</run_address>
         <size>0x2bc</size>
         <input_file_ref idref="fl-e2"/>
      </object_component>
      <object_component id="oc-305">
         <name>.debug_info</name>
         <load_address>0xf70a</load_address>
         <run_address>0xf70a</run_address>
         <size>0x109</size>
         <input_file_ref idref="fl-e2"/>
      </object_component>
      <object_component id="oc-2d4">
         <name>.debug_info</name>
         <load_address>0xf813</load_address>
         <run_address>0xf813</run_address>
         <size>0x1e0</size>
         <input_file_ref idref="fl-e2"/>
      </object_component>
      <object_component id="oc-2da">
         <name>.debug_info</name>
         <load_address>0xf9f3</load_address>
         <run_address>0xf9f3</run_address>
         <size>0x19b</size>
         <input_file_ref idref="fl-e2"/>
      </object_component>
      <object_component id="oc-263">
         <name>.debug_info</name>
         <load_address>0xfb8e</load_address>
         <run_address>0xfb8e</run_address>
         <size>0x398</size>
         <input_file_ref idref="fl-e4"/>
      </object_component>
      <object_component id="oc-22a">
         <name>.debug_info</name>
         <load_address>0xff26</load_address>
         <run_address>0xff26</run_address>
         <size>0x196</size>
         <input_file_ref idref="fl-e4"/>
      </object_component>
      <object_component id="oc-2d0">
         <name>.debug_info</name>
         <load_address>0x100bc</load_address>
         <run_address>0x100bc</run_address>
         <size>0x3a6</size>
         <input_file_ref idref="fl-e5"/>
      </object_component>
      <object_component id="oc-27b">
         <name>.debug_info</name>
         <load_address>0x10462</load_address>
         <run_address>0x10462</run_address>
         <size>0x1f4</size>
         <input_file_ref idref="fl-e5"/>
      </object_component>
      <object_component id="oc-32f">
         <name>.debug_info</name>
         <load_address>0x10656</load_address>
         <run_address>0x10656</run_address>
         <size>0x42d</size>
         <input_file_ref idref="fl-e6"/>
      </object_component>
      <object_component id="oc-329">
         <name>.debug_info</name>
         <load_address>0x10a83</load_address>
         <run_address>0x10a83</run_address>
         <size>0x193</size>
         <input_file_ref idref="fl-e6"/>
      </object_component>
      <object_component id="oc-2fb">
         <name>.debug_info</name>
         <load_address>0x10c16</load_address>
         <run_address>0x10c16</run_address>
         <size>0x1ec</size>
         <input_file_ref idref="fl-e6"/>
      </object_component>
      <object_component id="oc-332">
         <name>.debug_info</name>
         <load_address>0x10e02</load_address>
         <run_address>0x10e02</run_address>
         <size>0xea</size>
         <input_file_ref idref="fl-e6"/>
      </object_component>
      <object_component id="oc-33e">
         <name>.debug_info</name>
         <load_address>0x10eec</load_address>
         <run_address>0x10eec</run_address>
         <size>0x29b</size>
         <input_file_ref idref="fl-e7"/>
      </object_component>
      <object_component id="oc-31d">
         <name>.debug_info</name>
         <load_address>0x11187</load_address>
         <run_address>0x11187</run_address>
         <size>0x263</size>
         <input_file_ref idref="fl-e7"/>
      </object_component>
      <object_component id="oc-317">
         <name>.debug_info</name>
         <load_address>0x113ea</load_address>
         <run_address>0x113ea</run_address>
         <size>0x2a5</size>
         <input_file_ref idref="fl-e8"/>
      </object_component>
      <object_component id="oc-2ee">
         <name>.debug_info</name>
         <load_address>0x1168f</load_address>
         <run_address>0x1168f</run_address>
         <size>0x24d</size>
         <input_file_ref idref="fl-e8"/>
      </object_component>
      <object_component id="oc-340">
         <name>.debug_info</name>
         <load_address>0x118dc</load_address>
         <run_address>0x118dc</run_address>
         <size>0x2b0</size>
         <input_file_ref idref="fl-e9"/>
      </object_component>
      <object_component id="oc-323">
         <name>.debug_info</name>
         <load_address>0x11b8c</load_address>
         <run_address>0x11b8c</run_address>
         <size>0x278</size>
         <input_file_ref idref="fl-e9"/>
      </object_component>
      <object_component id="oc-2f9">
         <name>.debug_info</name>
         <load_address>0x11e04</load_address>
         <run_address>0x11e04</run_address>
         <size>0x3d0</size>
         <input_file_ref idref="fl-eb"/>
      </object_component>
      <object_component id="oc-2c3">
         <name>.debug_info</name>
         <load_address>0x121d4</load_address>
         <run_address>0x121d4</run_address>
         <size>0x196</size>
         <input_file_ref idref="fl-eb"/>
      </object_component>
      <object_component id="oc-301">
         <name>.debug_info</name>
         <load_address>0x1236a</load_address>
         <run_address>0x1236a</run_address>
         <size>0x3d2</size>
         <input_file_ref idref="fl-ec"/>
      </object_component>
      <object_component id="oc-2c9">
         <name>.debug_info</name>
         <load_address>0x1273c</load_address>
         <run_address>0x1273c</run_address>
         <size>0x1a6</size>
         <input_file_ref idref="fl-ec"/>
      </object_component>
      <object_component id="oc-375">
         <name>.debug_info</name>
         <load_address>0x128e2</load_address>
         <run_address>0x128e2</run_address>
         <size>0xa5</size>
      </object_component>
      <object_component id="oc-11f">
         <name>.debug_line</name>
         <load_address>0x0</load_address>
         <run_address>0x0</run_address>
         <size>0x91</size>
         <input_file_ref idref="fl-1"/>
      </object_component>
      <object_component id="oc-a3">
         <name>.debug_line</name>
         <load_address>0x91</load_address>
         <run_address>0x91</run_address>
         <size>0xc2</size>
         <input_file_ref idref="fl-1"/>
      </object_component>
      <object_component id="oc-77">
         <name>.debug_line</name>
         <load_address>0x153</load_address>
         <run_address>0x153</run_address>
         <size>0x7a</size>
         <input_file_ref idref="fl-1"/>
      </object_component>
      <object_component id="oc-123">
         <name>.debug_line</name>
         <load_address>0x1cd</load_address>
         <run_address>0x1cd</run_address>
         <size>0x2f</size>
         <input_file_ref idref="fl-1"/>
      </object_component>
      <object_component id="oc-39">
         <name>.debug_line</name>
         <load_address>0x1fc</load_address>
         <run_address>0x1fc</run_address>
         <size>0x20</size>
         <input_file_ref idref="fl-1"/>
      </object_component>
      <object_component id="oc-c0">
         <name>.debug_line</name>
         <load_address>0x21c</load_address>
         <run_address>0x21c</run_address>
         <size>0x7e</size>
         <input_file_ref idref="fl-1"/>
      </object_component>
      <object_component id="oc-7c">
         <name>.debug_line</name>
         <load_address>0x29a</load_address>
         <run_address>0x29a</run_address>
         <size>0x7b</size>
         <input_file_ref idref="fl-1"/>
      </object_component>
      <object_component id="oc-159">
         <name>.debug_line</name>
         <load_address>0x315</load_address>
         <run_address>0x315</run_address>
         <size>0x76</size>
         <input_file_ref idref="fl-1"/>
      </object_component>
      <object_component id="oc-17d">
         <name>.debug_line</name>
         <load_address>0x38b</load_address>
         <run_address>0x38b</run_address>
         <size>0x84</size>
         <input_file_ref idref="fl-2"/>
      </object_component>
      <object_component id="oc-17b">
         <name>.debug_line</name>
         <load_address>0x40f</load_address>
         <run_address>0x40f</run_address>
         <size>0x2f</size>
         <input_file_ref idref="fl-2"/>
      </object_component>
      <object_component id="oc-d7">
         <name>.debug_line</name>
         <load_address>0x43e</load_address>
         <run_address>0x43e</run_address>
         <size>0x90b</size>
         <input_file_ref idref="fl-2"/>
      </object_component>
      <object_component id="oc-181">
         <name>.debug_line</name>
         <load_address>0xd49</load_address>
         <run_address>0xd49</run_address>
         <size>0x2f</size>
         <input_file_ref idref="fl-2"/>
      </object_component>
      <object_component id="oc-73">
         <name>.debug_line</name>
         <load_address>0xd78</load_address>
         <run_address>0xd78</run_address>
         <size>0x41</size>
         <input_file_ref idref="fl-3"/>
      </object_component>
      <object_component id="oc-2e">
         <name>.debug_line</name>
         <load_address>0xdb9</load_address>
         <run_address>0xdb9</run_address>
         <size>0x41</size>
         <input_file_ref idref="fl-3"/>
      </object_component>
      <object_component id="oc-2b">
         <name>.debug_line</name>
         <load_address>0xdfa</load_address>
         <run_address>0xdfa</run_address>
         <size>0xa1</size>
         <input_file_ref idref="fl-3"/>
      </object_component>
      <object_component id="oc-1b3">
         <name>.debug_line</name>
         <load_address>0xe9b</load_address>
         <run_address>0xe9b</run_address>
         <size>0x10e</size>
         <input_file_ref idref="fl-be"/>
      </object_component>
      <object_component id="oc-152">
         <name>.debug_line</name>
         <load_address>0xfa9</load_address>
         <run_address>0xfa9</run_address>
         <size>0x3e</size>
         <input_file_ref idref="fl-be"/>
      </object_component>
      <object_component id="oc-14c">
         <name>.debug_line</name>
         <load_address>0xfe7</load_address>
         <run_address>0xfe7</run_address>
         <size>0x3e</size>
         <input_file_ref idref="fl-be"/>
      </object_component>
      <object_component id="oc-dd">
         <name>.debug_line</name>
         <load_address>0x1025</load_address>
         <run_address>0x1025</run_address>
         <size>0x5d</size>
         <input_file_ref idref="fl-be"/>
      </object_component>
      <object_component id="oc-1b7">
         <name>.debug_line</name>
         <load_address>0x1082</load_address>
         <run_address>0x1082</run_address>
         <size>0x91</size>
         <input_file_ref idref="fl-be"/>
      </object_component>
      <object_component id="oc-1d7">
         <name>.debug_line</name>
         <load_address>0x1113</load_address>
         <run_address>0x1113</run_address>
         <size>0xa0</size>
         <input_file_ref idref="fl-bf"/>
      </object_component>
      <object_component id="oc-140">
         <name>.debug_line</name>
         <load_address>0x11b3</load_address>
         <run_address>0x11b3</run_address>
         <size>0x194</size>
         <input_file_ref idref="fl-bf"/>
      </object_component>
      <object_component id="oc-194">
         <name>.debug_line</name>
         <load_address>0x1347</load_address>
         <run_address>0x1347</run_address>
         <size>0x2e</size>
         <input_file_ref idref="fl-bf"/>
      </object_component>
      <object_component id="oc-1db">
         <name>.debug_line</name>
         <load_address>0x1375</load_address>
         <run_address>0x1375</run_address>
         <size>0x91</size>
         <input_file_ref idref="fl-bf"/>
      </object_component>
      <object_component id="oc-228">
         <name>.debug_line</name>
         <load_address>0x1406</load_address>
         <run_address>0x1406</run_address>
         <size>0x117</size>
         <input_file_ref idref="fl-c0"/>
      </object_component>
      <object_component id="oc-1af">
         <name>.debug_line</name>
         <load_address>0x151d</load_address>
         <run_address>0x151d</run_address>
         <size>0x79</size>
         <input_file_ref idref="fl-c0"/>
      </object_component>
      <object_component id="oc-226">
         <name>.debug_line</name>
         <load_address>0x1596</load_address>
         <run_address>0x1596</run_address>
         <size>0x189</size>
         <input_file_ref idref="fl-c1"/>
      </object_component>
      <object_component id="oc-1a8">
         <name>.debug_line</name>
         <load_address>0x171f</load_address>
         <run_address>0x171f</run_address>
         <size>0xe0</size>
         <input_file_ref idref="fl-c1"/>
      </object_component>
      <object_component id="oc-cd">
         <name>.debug_line</name>
         <load_address>0x17ff</load_address>
         <run_address>0x17ff</run_address>
         <size>0x92</size>
         <input_file_ref idref="fl-c1"/>
      </object_component>
      <object_component id="oc-24b">
         <name>.debug_line</name>
         <load_address>0x1891</load_address>
         <run_address>0x1891</run_address>
         <size>0x91</size>
         <input_file_ref idref="fl-c2"/>
      </object_component>
      <object_component id="oc-1e6">
         <name>.debug_line</name>
         <load_address>0x1922</load_address>
         <run_address>0x1922</run_address>
         <size>0x6e</size>
         <input_file_ref idref="fl-c2"/>
      </object_component>
      <object_component id="oc-248">
         <name>.debug_line</name>
         <load_address>0x1990</load_address>
         <run_address>0x1990</run_address>
         <size>0x91</size>
         <input_file_ref idref="fl-c2"/>
      </object_component>
      <object_component id="oc-285">
         <name>.debug_line</name>
         <load_address>0x1a21</load_address>
         <run_address>0x1a21</run_address>
         <size>0x110</size>
         <input_file_ref idref="fl-c3"/>
      </object_component>
      <object_component id="oc-218">
         <name>.debug_line</name>
         <load_address>0x1b31</load_address>
         <run_address>0x1b31</run_address>
         <size>0xb2</size>
         <input_file_ref idref="fl-c3"/>
      </object_component>
      <object_component id="oc-97">
         <name>.debug_line</name>
         <load_address>0x1be3</load_address>
         <run_address>0x1be3</run_address>
         <size>0x79</size>
         <input_file_ref idref="fl-c4"/>
      </object_component>
      <object_component id="oc-3f">
         <name>.debug_line</name>
         <load_address>0x1c5c</load_address>
         <run_address>0x1c5c</run_address>
         <size>0x88</size>
         <input_file_ref idref="fl-c5"/>
      </object_component>
      <object_component id="oc-d0">
         <name>.debug_line</name>
         <load_address>0x1ce4</load_address>
         <run_address>0x1ce4</run_address>
         <size>0x92</size>
         <input_file_ref idref="fl-c6"/>
      </object_component>
      <object_component id="oc-51">
         <name>.debug_line</name>
         <load_address>0x1d76</load_address>
         <run_address>0x1d76</run_address>
         <size>0x4f</size>
         <input_file_ref idref="fl-c6"/>
      </object_component>
      <object_component id="oc-90">
         <name>.debug_line</name>
         <load_address>0x1dc5</load_address>
         <run_address>0x1dc5</run_address>
         <size>0x34</size>
         <input_file_ref idref="fl-c6"/>
      </object_component>
      <object_component id="oc-8b">
         <name>.debug_line</name>
         <load_address>0x1df9</load_address>
         <run_address>0x1df9</run_address>
         <size>0x20</size>
         <input_file_ref idref="fl-c7"/>
      </object_component>
      <object_component id="oc-1c">
         <name>.debug_line</name>
         <load_address>0x1e19</load_address>
         <run_address>0x1e19</run_address>
         <size>0x55</size>
         <input_file_ref idref="fl-c7"/>
      </object_component>
      <object_component id="oc-44">
         <name>.debug_line</name>
         <load_address>0x1e6e</load_address>
         <run_address>0x1e6e</run_address>
         <size>0x3a</size>
         <input_file_ref idref="fl-c7"/>
      </object_component>
      <object_component id="oc-88">
         <name>.debug_line</name>
         <load_address>0x1ea8</load_address>
         <run_address>0x1ea8</run_address>
         <size>0x92</size>
         <input_file_ref idref="fl-c7"/>
      </object_component>
      <object_component id="oc-c9">
         <name>.debug_line</name>
         <load_address>0x1f3a</load_address>
         <run_address>0x1f3a</run_address>
         <size>0x20</size>
         <input_file_ref idref="fl-c8"/>
      </object_component>
      <object_component id="oc-16">
[...]
         <value>0x2435</value>
         <object_component_ref idref="oc-9f"/>
      </symbol>
      <symbol id="sm-63">
         <name>SysTick_Init</name>
         <value>0x245b</value>
         <object_component_ref idref="oc-9f"/>
      </symbol>
      <symbol id="sm-22a">
         <name>Timer1</name>
         <value>0x20006714</value>
      </symbol>
      <symbol id="sm-22b">
         <name>Timer2</name>
         <value>0x20006715</value>
      </symbol>
      <symbol id="sm-22c">
         <name>lba_begin_address</name>
         <value>0x20006704</value>
      </symbol>
      <symbol id="sm-22d">
         <name>number_of_sectors</name>
         <value>0x20006708</value>
      </symbol>
      <symbol id="sm-22e">
         <name>lba_addr</name>
         <value>0x20006700</value>
      </symbol>
      <symbol id="sm-22f">
         <name>fat_begin_lba</name>
         <value>0x200066fc</value>
      </symbol>
      <symbol id="sm-230">
         <name>sectors_per_fat</name>
         <value>0x20006710</value>
      </symbol>
      <symbol id="sm-231">
         <name>root_dir_first_cluster</name>
         <value>0x2000670c</value>
      </symbol>
      <symbol id="sm-232">
         <name>sectors_per_cluster</name>
         <value>0x20006716</value>
      </symbol>
      <symbol id="sm-233">
         <name>cluster_begin_lba</name>
         <value>0x200066f8</value>
      </symbol>
      <symbol id="sm-234">
         <name>file_dir</name>
         <value>0x20003970</value>
      </symbol>
      <symbol id="sm-235">
         <name>initialise_sd</name>
         <value>0x62d</value>
         <object_component_ref idref="oc-d3"/>
      </symbol>
      <symbol id="sm-236">
         <name>send_command</name>
         <value>0x551</value>
         <object_component_ref idref="oc-d3"/>
      </symbol>
      <symbol id="sm-237">
         <name>is_ready</name>
         <value>0x507</value>
         <object_component_ref idref="oc-d3"/>
      </symbol>
      <symbol id="sm-238">
         <name>startSSI0</name>
         <value>0x7d5</value>
         <object_component_ref idref="oc-d3"/>
      </symbol>
      <symbol id="sm-239">
         <name>startSSI1</name>
         <value>0x8c3</value>
         <object_component_ref idref="oc-d3"/>
      </symbol>
      <symbol id="sm-23a">
         <name>startSSI2</name>
         <value>0x9b9</value>
         <object_component_ref idref="oc-d3"/>
      </symbol>
      <symbol id="sm-23b">
         <name>startSSI3</name>
         <value>0xa9f</value>
         <object_component_ref idref="oc-d3"/>
      </symbol>
      <symbol id="sm-23c">
         <name>file_next_cluster</name>
         <value>0x20006cd8</value>
         <object_component_ref idref="oc-12b"/>
      </symbol>
      <symbol id="sm-23d">
         <name>get_root_dir_first_cluster</name>
         <value>0xc49</value>
         <object_component_ref idref="oc-d3"/>
      </symbol>
      <symbol id="sm-23e">
         <name>row</name>
         <value>0x20006ce0</value>
         <object_component_ref idref="oc-12b"/>
      </symbol>
      <symbol id="sm-23f">
         <name>tx_SSI</name>
         <value>0xe39</value>
         <object_component_ref idref="oc-d3"/>
      </symbol>
      <symbol id="sm-240">
         <name>Timer5A_Handler</name>
         <value>0x1f43</value>
         <object_component_ref idref="oc-d3"/>
      </symbol>
      <symbol id="sm-241">
         <name>rcvr_datablock</name>
         <value>0x1f81</value>
         <object_component_ref idref="oc-d3"/>
      </symbol>
      <symbol id="sm-242">
         <name>rcvr_spi_m</name>
         <value>0x1ff9</value>
         <object_component_ref idref="oc-d3"/>
      </symbol>
      <symbol id="sm-243">
         <name>cs_low</name>
         <value>0xcd5</value>
         <object_component_ref idref="oc-d3"/>
      </symbol>
      <symbol id="sm-244">
         <name>sd_read</name>
         <value>0x46b</value>
         <object_component_ref idref="oc-d3"/>
      </symbol>
      <symbol id="sm-245">
         <name>sd_write</name>
         <value>0x26d</value>
         <object_component_ref idref="oc-d3"/>
      </symbol>
      <symbol id="sm-246">
         <name>tx_high</name>
         <value>0xd5d</value>
         <object_component_ref idref="oc-d3"/>
      </symbol>
      <symbol id="sm-247">
         <name>disk_timerproc</name>
         <value>0x1f51</value>
         <object_component_ref idref="oc-d3"/>
      </symbol>
      <symbol id="sm-248">
         <name>get_first_cluster</name>
         <value>0xc2d</value>
         <object_component_ref idref="oc-d3"/>
      </symbol>
      <symbol id="sm-249">
         <name>read_csd</name>
         <value>0xf6f</value>
         <object_component_ref idref="oc-d3"/>
      </symbol>
      <symbol id="sm-24a">
         <name>fd_count</name>
         <value>0x20006cdc</value>
         <object_component_ref idref="oc-12b"/>
      </symbol>
      <symbol id="sm-24b">
         <name>Timer5_Init</name>
         <value>0x1ed1</value>
         <object_component_ref idref="oc-d3"/>
      </symbol>
      <symbol id="sm-24c">
         <name>current_count</name>
         <value>0x20006cdd</value>
         <object_component_ref idref="oc-12b"/>
      </symbol>
      <symbol id="sm-24d">
         <name>get_files_and_dirs</name>
         <value>0x11ad</value>
         <object_component_ref idref="oc-d3"/>
      </symbol>
      <symbol id="sm-24e">
         <name>dummy_clock</name>
         <value>0xbcd</value>
         <object_component_ref idref="oc-d3"/>
      </symbol>
      <symbol id="sm-24f">
         <name>open_file</name>
         <value>0x1d59</value>
         <object_component_ref idref="oc-d3"/>
      </symbol>
      <symbol id="sm-250">
         <name>previous_cluster</name>
         <value>0x20006cd0</value>
         <object_component_ref idref="oc-12b"/>
      </symbol>
      <symbol id="sm-251">
         <name>column</name>
         <value>0x20006ce4</value>
         <object_component_ref idref="oc-12b"/>
      </symbol>
      <symbol id="sm-252">
         <name>cs_high</name>
         <value>0xc6d</value>
         <object_component_ref idref="oc-d3"/>
      </symbol>
      <symbol id="sm-253">
         <name>read_disk_data</name>
         <value>0x1069</value>
         <object_component_ref idref="oc-d3"/>
      </symbol>
      <symbol id="sm-254">
         <name>finish</name>
         <value>0x20006cde</value>
         <object_component_ref idref="oc-12b"/>
      </symbol>
      <symbol id="sm-255">
         <name>open_file_by_name</name>
         <value>0x3ef</value>
         <object_component_ref idref="oc-d3"/>
      </symbol>
      <symbol id="sm-256">
         <name>clean_name</name>
         <value>0x31d</value>
         <object_component_ref idref="oc-d3"/>
      </symbol>
      <symbol id="sm-257">
         <name>cluster_dir</name>
         <value>0x20006cd4</value>
         <object_component_ref idref="oc-12b"/>
      </symbol>
      <symbol id="sm-258">
         <name>read_first_sector</name>
         <value>0xfad</value>
         <object_component_ref idref="oc-d3"/>
      </symbol>
      <symbol id="sm-259">
         <name>number</name>
         <value>0x20006ce8</value>
         <object_component_ref idref="oc-12b"/>
      </symbol>
      <symbol id="sm-25a">
         <name>change_speed</name>
         <value>0xecb</value>
         <object_component_ref idref="oc-d3"/>
      </symbol>
      <symbol id="sm-276">
         <name>ResetISR</name>
         <value>0x3215</value>
         <object_component_ref idref="oc-27"/>
      </symbol>
      <symbol id="sm-277">
         <name>g_pfnVectors</name>
         <value>0x0</value>
         <object_component_ref idref="oc-f"/>
      </symbol>
      <symbol id="sm-2a3">
         <name>printf</name>
         <value>0x2b2d</value>
         <object_component_ref idref="oc-d9"/>
      </symbol>
      <symbol id="sm-2d7">
         <name>__TI_printfi_minimal</name>
         <value>0x2059</value>
         <object_component_ref idref="oc-13c"/>
      </symbol>
      <symbol id="sm-2ec">
         <name>putc</name>
         <value>0x27f9</value>
         <object_component_ref idref="oc-1ab"/>
      </symbol>
      <symbol id="sm-2ed">
         <name>fputc</name>
         <value>0x27f9</value>
         <object_component_ref idref="oc-1ab"/>
      </symbol>
      <symbol id="sm-310">
         <name>fputs</name>
         <value>0x2281</value>
         <object_component_ref idref="oc-1a4"/>
      </symbol>
      <symbol id="sm-328">
         <name>__TI_wrt_ok</name>
         <value>0x2bf9</value>
         <object_component_ref idref="oc-1e2"/>
      </symbol>
      <symbol id="sm-344">
         <name>setvbuf</name>
         <value>0x2681</value>
         <object_component_ref idref="oc-214"/>
      </symbol>
      <symbol id="sm-353">
         <name>__aeabi_memset</name>
         <value>0x2903</value>
         <object_component_ref idref="oc-93"/>
      </symbol>
      <symbol id="sm-354">
         <name>memset</name>
         <value>0x2909</value>
         <object_component_ref idref="oc-93"/>
      </symbol>
      <symbol id="sm-355">
         <name>__aeabi_memset8</name>
         <value>0x2903</value>
         <object_component_ref idref="oc-93"/>
      </symbol>
      <symbol id="sm-356">
         <name>__aeabi_memset4</name>
         <value>0x2903</value>
         <object_component_ref idref="oc-93"/>
      </symbol>
      <symbol id="sm-357">
         <name>__aeabi_memclr8</name>
         <value>0x2901</value>
         <object_component_ref idref="oc-93"/>
      </symbol>
      <symbol id="sm-358">
         <name>__aeabi_memclr4</name>
         <value>0x2901</value>
         <object_component_ref idref="oc-93"/>
      </symbol>
      <symbol id="sm-359">
         <name>__aeabi_memclr</name>
         <value>0x2901</value>
         <object_component_ref idref="oc-93"/>
      </symbol>
      <symbol id="sm-374">
         <name>memcpy</name>
         <value>0x275d</value>
         <object_component_ref idref="oc-3b"/>
      </symbol>
      <symbol id="sm-375">
         <name>__aeabi_memcpy</name>
         <value>0x275d</value>
         <object_component_ref idref="oc-3b"/>
      </symbol>
      <symbol id="sm-376">
         <name>__aeabi_memcpy8</name>
         <value>0x275d</value>
         <object_component_ref idref="oc-3b"/>
      </symbol>
      <symbol id="sm-377">
         <name>__aeabi_memcpy4</name>
         <value>0x275d</value>
         <object_component_ref idref="oc-3b"/>
      </symbol>
      <symbol id="sm-389">
         <name>__TI_zero_init</name>
         <value>0x3209</value>
         <object_component_ref idref="oc-4d"/>
      </symbol>
      <symbol id="sm-3a0">
         <name>__TI_decompress_none</name>
         <value>0x31fb</value>
         <object_component_ref idref="oc-18"/>
      </symbol>
      <symbol id="sm-3c3">
         <name>__TI_decompress_lzss</name>
         <value>0x2ac5</value>
         <object_component_ref idref="oc-12"/>
      </symbol>
      <symbol id="sm-3e9">
         <name>C$$EXIT</name>
         <value>0x3235</value>
         <object_component_ref idref="oc-e0"/>
      </symbol>
      <symbol id="sm-3ea">
         <name>abort</name>
         <value>0x3235</value>
         <object_component_ref idref="oc-e0"/>
      </symbol>
      <symbol id="sm-3eb">
         <name>__TI_dtors_ptr</name>
         <value>0x20006d00</value>
         <object_component_ref idref="oc-15c"/>
      </symbol>
      <symbol id="sm-3ec">
         <name>__TI_cleanup_ptr</name>
         <value>0x20006cfc</value>
         <object_component_ref idref="oc-15c"/>
      </symbol>
      <symbol id="sm-3ed">
         <name>__TI_enable_exit_profile_output</name>
         <value>0x20006d04</value>
         <object_component_ref idref="oc-15c"/>
      </symbol>
      <symbol id="sm-3ee">
         <name>exit</name>
         <value>0x2e15</value>
         <object_component_ref idref="oc-e6"/>
      </symbol>
      <symbol id="sm-403">
         <name>_nop</name>
         <value>0x227f</value>
         <object_component_ref idref="oc-196"/>
      </symbol>
      <symbol id="sm-404">
         <name>_lock</name>
         <value>0x20006d08</value>
         <object_component_ref idref="oc-142"/>
      </symbol>
      <symbol id="sm-405">
         <name>_unlock</name>
         <value>0x20006d0c</value>
         <object_component_ref idref="oc-142"/>
      </symbol>
      <symbol id="sm-41a">
         <name>__TI_tmpnams</name>
         <value>0x20006650</value>
      </symbol>
      <symbol id="sm-41b">
         <name>__aeabi_stdout</name>
         <value>0x20006cf4</value>
         <object_component_ref idref="oc-280"/>
      </symbol>
      <symbol id="sm-41c">
         <name>__aeabi_stderr</name>
         <value>0x20006cf8</value>
         <object_component_ref idref="oc-280"/>
      </symbol>
      <symbol id="sm-41d">
         <name>__aeabi_stdin</name>
         <value>0x20006cf0</value>
         <object_component_ref idref="oc-280"/>
      </symbol>
      <symbol id="sm-41e">
         <name>_ftable</name>
         <value>0x20006b18</value>
         <object_component_ref idref="oc-145"/>
      </symbol>
      <symbol id="sm-41f">
         <name>__TI_ft_end</name>
         <value>0x20006cec</value>
         <object_component_ref idref="oc-280"/>
      </symbol>
      <symbol id="sm-42f">
         <name>memccpy</name>
         <value>0x3189</value>
         <object_component_ref idref="oc-189"/>
      </symbol>
      <symbol id="sm-43f">
         <name>memchr</name>
         <value>0x314d</value>
         <object_component_ref idref="oc-1e8"/>
      </symbol>
      <symbol id="sm-4c6">
         <name>_sys_memory</name>
         <value>0x20006718</value>
         <object_component_ref idref="oc-21"/>
      </symbol>
      <symbol id="sm-4c7">
         <name>free</name>
         <value>0x2599</value>
         <object_component_ref idref="oc-231"/>
      </symbol>
      <symbol id="sm-4c8">
         <name>memalign</name>
         <value>0x24a5</value>
         <object_component_ref idref="oc-273"/>
      </symbol>
      <symbol id="sm-4c9">
         <name>malloc</name>
         <value>0x3221</value>
         <object_component_ref idref="oc-237"/>
      </symbol>
      <symbol id="sm-4ca">
         <name>aligned_alloc</name>
         <value>0x24a5</value>
         <object_component_ref idref="oc-273"/>
      </symbol>
      <symbol id="sm-4d9">
         <name>strcmp</name>
         <value>0x31a5</value>
         <object_component_ref idref="oc-125"/>
      </symbol>
      <symbol id="sm-4e7">
         <name>strlen</name>
         <value>0x31e7</value>
         <object_component_ref idref="oc-183"/>
      </symbol>
      <symbol id="sm-501">
         <name>write</name>
         <value>0x3125</value>
         <object_component_ref idref="oc-1f4"/>
      </symbol>
      <symbol id="sm-512">
         <name>_stream</name>
         <value>0x20006c80</value>
         <object_component_ref idref="oc-220"/>
      </symbol>
      <symbol id="sm-513">
         <name>_device</name>
         <value>0x20006c08</value>
         <object_component_ref idref="oc-250"/>
      </symbol>
      <symbol id="sm-526">
         <name>__stack</name>
         <value>0x20000000</value>
         <object_component_ref idref="oc-24"/>
      </symbol>
      <symbol id="sm-527">
         <name>_c_int00_noargs</name>
         <value>0x3045</value>
         <object_component_ref idref="oc-59"/>
      </symbol>
      <symbol id="sm-537">
         <name>__TI_doflush</name>
         <value>0x2dc9</value>
         <object_component_ref idref="oc-1ee"/>
      </symbol>
      <symbol id="sm-547">
         <name>__TI_cleanup</name>
         <value>0x2fdd</value>
         <object_component_ref idref="oc-23d"/>
      </symbol>
      <symbol id="sm-559">
         <name>fseek</name>
         <value>0x2b95</value>
         <object_component_ref idref="oc-20e"/>
      </symbol>
      <symbol id="sm-581">
         <name>__TI_auto_init_nobinit_nopinit</name>
         <value>0x2ee5</value>
         <object_component_ref idref="oc-ec"/>
      </symbol>
      <symbol id="sm-58b">
         <name>_system_pre_init</name>
         <value>0x3231</value>
         <object_component_ref idref="oc-99"/>
      </symbol>
      <symbol id="sm-59e">
         <name>HOSTclose</name>
         <value>0x2e5d</value>
         <object_component_ref idref="oc-28c"/>
      </symbol>
      <symbol id="sm-5af">
         <name>HOSTlseek</name>
         <value>0x2a5d</value>
         <object_component_ref idref="oc-29e"/>
      </symbol>
      <symbol id="sm-5c1">
         <name>parmbuf</name>
         <value>0x200066f0</value>
      </symbol>
      <symbol id="sm-5c2">
         <name>HOSTopen</name>
         <value>0x2c5d</value>
         <object_component_ref idref="oc-286"/>
      </symbol>
      <symbol id="sm-5d3">
         <name>HOSTread</name>
         <value>0x2d19</value>
         <object_component_ref idref="oc-292"/>
      </symbol>
      <symbol id="sm-5e4">
         <name>HOSTrename</name>
         <value>0x29f1</value>
         <object_component_ref idref="oc-2aa"/>
      </symbol>
      <symbol id="sm-5f5">
         <name>HOSTunlink</name>
         <value>0x2ea1</value>
         <object_component_ref idref="oc-2a4"/>
      </symbol>
      <symbol id="sm-606">
         <name>HOSTwrite</name>
         <value>0x2d71</value>
         <object_component_ref idref="oc-298"/>
      </symbol>
      <symbol id="sm-62a">
         <name>__TI_readmsg</name>
         <value>0x3011</value>
         <object_component_ref idref="oc-2d9"/>
      </symbol>
      <symbol id="sm-62b">
         <name>C$$IO$$</name>
         <value>0x2f9b</value>
         <object_component_ref idref="oc-2d3"/>
      </symbol>
      <symbol id="sm-62c">
         <name>__CIOBUF_</name>
         <value>0x20006530</value>
         <object_component_ref idref="oc-304"/>
      </symbol>
      <symbol id="sm-62d">
         <name>__TI_writemsg</name>
         <value>0x2f6d</value>
         <object_component_ref idref="oc-2d3"/>
      </symbol>
      <symbol id="sm-63e">
         <name>lseek</name>
         <value>0x30fd</value>
         <object_component_ref idref="oc-229"/>
      </symbol>
      <symbol id="sm-653">
         <name>__TI_closefile</name>
         <value>0x297d</value>
         <object_component_ref idref="oc-27a"/>
      </symbol>
      <symbol id="sm-676">
         <name>finddevice</name>
         <value>0x3079</value>
         <object_component_ref idref="oc-328"/>
      </symbol>
      <symbol id="sm-677">
         <name>getdevice</name>
         <value>0x2f29</value>
         <object_component_ref idref="oc-2fa"/>
      </symbol>
      <symbol id="sm-687">
         <name>strchr</name>
         <value>0x31bd</value>
         <object_component_ref idref="oc-31c"/>
      </symbol>
      <symbol id="sm-695">
         <name>strcpy</name>
         <value>0x31d3</value>
         <object_component_ref idref="oc-2ed"/>
      </symbol>
      <symbol id="sm-6a5">
         <name>strncpy</name>
         <value>0x2fa5</value>
         <object_component_ref idref="oc-322"/>
      </symbol>
      <symbol id="sm-6ba">
         <name>close</name>
         <value>0x2cbd</value>
         <object_component_ref idref="oc-2c2"/>
      </symbol>
      <symbol id="sm-6ca">
         <name>unlink</name>
         <value>0x30a9</value>
         <object_component_ref idref="oc-2c8"/>
      </symbol>
      <symbol id="sm-6cb">
         <name>__TI_static_base__</name>
         <value>0x0</value>
      </symbol>
      <symbol id="sm-6ce">
         <name>__mpu_init</name>
         <value>0x0</value>
      </symbol>
      <symbol id="sm-6cf">
         <name>_system_post_cinit</name>
         <value>0x0</value>
      </symbol>
      <symbol id="sm-6d0">
         <name>remove</name>
         <value>0x30a9</value>
      </symbol>
   </symbol_table>
   <title>Link successful</title>
</link_info>
