<?xml version="1.0" encoding="ISO-8859-1" ?>
<link_info>
   <banner>TI ARM Linker Unix v18.12.3.LTS</banner>
   <copyright>Copyright (c) 1996-2018 Texas Instruments Incorporated</copyright>
   <link_time>0x5f8b6436</link_time>
   <link_errors>0x0</link_errors>
   <output_file>sdcard-spi.out</output_file>
   <entry_point>
      <name>_c_int00_noargs</name>
      <address>0x2fbd</address>
   </entry_point>
   <input_file_list>
      <input_file id="fl-1">
         <path>./</path>
         <kind>object</kind>
         <file>main.obj</file>
         <name>main.obj</name>
      </input_file>
      <input_file id="fl-2">
         <path>./</path>
         <kind>object</kind>
         <file>sdcard.obj</file>
         <name>sdcard.obj</name>
      </input_file>
      <input_file id="fl-3">
         <path>./</path>
         <kind>object</kind>
         <file>tm4c123gh6pm_startup_ccs.obj</file>
         <name>tm4c123gh6pm_startup_ccs.obj</name>
      </input_file>
      <input_file id="fl-8">
         <kind>object</kind>
         <file>&lt;internal&gt;</file>
         <name>&lt;internal&gt;</name>
      </input_file>
      <input_file id="fl-be">
         <path>/Applications/ti/ccs920/ccs/tools/compiler/ti-cgt-arm_18.12.3.LTS/lib/</path>
         <kind>archive</kind>
         <file>rtsv7M4_T_le_v4SPD16_eabi.lib</file>
         <name>printf.c.obj</name>
      </input_file>
      <input_file id="fl-bf">
         <path>/Applications/ti/ccs920/ccs/tools/compiler/ti-cgt-arm_18.12.3.LTS/lib/</path>
         <kind>archive</kind>
         <file>rtsv7M4_T_le_v4SPD16_eabi.lib</file>
         <name>_printfi_min.c.obj</name>
      </input_file>
      <input_file id="fl-c0">
         <path>/Applications/ti/ccs920/ccs/tools/compiler/ti-cgt-arm_18.12.3.LTS/lib/</path>
         <kind>archive</kind>
         <file>rtsv7M4_T_le_v4SPD16_eabi.lib</file>
         <name>fputc.c.obj</name>
      </input_file>
      <input_file id="fl-c1">
         <path>/Applications/ti/ccs920/ccs/tools/compiler/ti-cgt-arm_18.12.3.LTS/lib/</path>
         <kind>archive</kind>
         <file>rtsv7M4_T_le_v4SPD16_eabi.lib</file>
         <name>fputs.c.obj</name>
      </input_file>
      <input_file id="fl-c2">
         <path>/Applications/ti/ccs920/ccs/tools/compiler/ti-cgt-arm_18.12.3.LTS/lib/</path>
         <kind>archive</kind>
         <file>rtsv7M4_T_le_v4SPD16_eabi.lib</file>
         <name>_io_perm.c.obj</name>
      </input_file>
      <input_file id="fl-c3">
         <path>/Applications/ti/ccs920/ccs/tools/compiler/ti-cgt-arm_18.12.3.LTS/lib/</path>
         <kind>archive</kind>
         <file>rtsv7M4_T_le_v4SPD16_eabi.lib</file>
         <name>setvbuf.c.obj</name>
      </input_file>
      <input_file id="fl-c4">
         <path>/Applications/ti/ccs920/ccs/tools/compiler/ti-cgt-arm_18.12.3.LTS/lib/</path>
         <kind>archive</kind>
         <file>rtsv7M4_T_le_v4SPD16_eabi.lib</file>
         <name>memset_t2.asm.obj</name>
      </input_file>
      <input_file id="fl-c5">
         <path>/Applications/ti/ccs920/ccs/tools/compiler/ti-cgt-arm_18.12.3.LTS/lib/</path>
         <kind>archive</kind>
         <file>rtsv7M4_T_le_v4SPD16_eabi.lib</file>
         <name>memcpy_t2.asm.obj</name>
      </input_file>
      <input_file id="fl-c6">
         <path>/Applications/ti/ccs920/ccs/tools/compiler/ti-cgt-arm_18.12.3.LTS/lib/</path>
         <kind>archive</kind>
         <file>rtsv7M4_T_le_v4SPD16_eabi.lib</file>
         <name>copy_zero_init.c.obj</name>
      </input_file>
      <input_file id="fl-c7">
         <path>/Applications/ti/ccs920/ccs/tools/compiler/ti-cgt-arm_18.12.3.LTS/lib/</path>
         <kind>archive</kind>
         <file>rtsv7M4_T_le_v4SPD16_eabi.lib</file>
         <name>copy_decompress_none.c.obj</name>
      </input_file>
      <input_file id="fl-c8">
         <path>/Applications/ti/ccs920/ccs/tools/compiler/ti-cgt-arm_18.12.3.LTS/lib/</path>
         <kind>archive</kind>
         <file>rtsv7M4_T_le_v4SPD16_eabi.lib</file>
         <name>copy_decompress_lzss.c.obj</name>
      </input_file>
      <input_file id="fl-c9">
         <path>/Applications/ti/ccs920/ccs/tools/compiler/ti-cgt-arm_18.12.3.LTS/lib/</path>
         <kind>archive</kind>
         <file>rtsv7M4_T_le_v4SPD16_eabi.lib</file>
         <name>exit.c.obj</name>
      </input_file>
      <input_file id="fl-ca">
         <path>/Applications/ti/ccs920/ccs/tools/compiler/ti-cgt-arm_18.12.3.LTS/lib/</path>
         <kind>archive</kind>
         <file>rtsv7M4_T_le_v4SPD16_eabi.lib</file>
         <name>_lock.c.obj</name>
      </input_file>
      <input_file id="fl-cb">
         <path>/Applications/ti/ccs920/ccs/tools/compiler/ti-cgt-arm_18.12.3.LTS/lib/</path>
         <kind>archive</kind>
         <file>rtsv7M4_T_le_v4SPD16_eabi.lib</file>
         <name>defs.c.obj</name>
      </input_file>
      <input_file id="fl-cc">
         <path>/Applications/ti/ccs920/ccs/tools/compiler/ti-cgt-arm_18.12.3.LTS/lib/</path>
         <kind>archive</kind>
         <file>rtsv7M4_T_le_v4SPD16_eabi.lib</file>
         <name>memccpy.c.obj</name>
      </input_file>
      <input_file id="fl-cd">
         <path>/Applications/ti/ccs920/ccs/tools/compiler/ti-cgt-arm_18.12.3.LTS/lib/</path>
         <kind>archive</kind>
         <file>rtsv7M4_T_le_v4SPD16_eabi.lib</file>
         <name>memchr.c.obj</name>
      </input_file>
      <input_file id="fl-ce">
         <path>/Applications/ti/ccs920/ccs/tools/compiler/ti-cgt-arm_18.12.3.LTS/lib/</path>
         <kind>archive</kind>
         <file>rtsv7M4_T_le_v4SPD16_eabi.lib</file>
         <name>memory.c.obj</name>
      </input_file>
      <input_file id="fl-cf">
         <path>/Applications/ti/ccs920/ccs/tools/compiler/ti-cgt-arm_18.12.3.LTS/lib/</path>
         <kind>archive</kind>
         <file>rtsv7M4_T_le_v4SPD16_eabi.lib</file>
         <name>strlen.c.obj</name>
      </input_file>
      <input_file id="fl-d0">
         <path>/Applications/ti/ccs920/ccs/tools/compiler/ti-cgt-arm_18.12.3.LTS/lib/</path>
         <kind>archive</kind>
         <file>rtsv7M4_T_le_v4SPD16_eabi.lib</file>
         <name>write.c.obj</name>
      </input_file>
      <input_file id="fl-d1">
         <path>/Applications/ti/ccs920/ccs/tools/compiler/ti-cgt-arm_18.12.3.LTS/lib/</path>
         <kind>archive</kind>
         <file>rtsv7M4_T_le_v4SPD16_eabi.lib</file>
         <name>host_device.c.obj</name>
      </input_file>
      <input_file id="fl-d2">
         <path>/Applications/ti/ccs920/ccs/tools/compiler/ti-cgt-arm_18.12.3.LTS/lib/</path>
         <kind>archive</kind>
         <file>rtsv7M4_T_le_v4SPD16_eabi.lib</file>
         <name>boot_cortex_m.c.obj</name>
      </input_file>
      <input_file id="fl-d3">
         <path>/Applications/ti/ccs920/ccs/tools/compiler/ti-cgt-arm_18.12.3.LTS/lib/</path>
         <kind>archive</kind>
         <file>rtsv7M4_T_le_v4SPD16_eabi.lib</file>
         <name>fflush.c.obj</name>
      </input_file>
      <input_file id="fl-d4">
         <path>/Applications/ti/ccs920/ccs/tools/compiler/ti-cgt-arm_18.12.3.LTS/lib/</path>
         <kind>archive</kind>
         <file>rtsv7M4_T_le_v4SPD16_eabi.lib</file>
         <name>fopen.c.obj</name>
      </input_file>
      <input_file id="fl-d5">
         <path>/Applications/ti/ccs920/ccs/tools/compiler/ti-cgt-arm_18.12.3.LTS/lib/</path>
         <kind>archive</kind>
         <file>rtsv7M4_T_le_v4SPD16_eabi.lib</file>
         <name>fseek.c.obj</name>
      </input_file>
      <input_file id="fl-d6">
         <path>/Applications/ti/ccs920/ccs/tools/compiler/ti-cgt-arm_18.12.3.LTS/lib/</path>
         <kind>archive</kind>
         <file>rtsv7M4_T_le_v4SPD16_eabi.lib</file>
         <name>autoinit.c.obj</name>
      </input_file>
      <input_file id="fl-d7">
         <path>/Applications/ti/ccs920/ccs/tools/compiler/ti-cgt-arm_18.12.3.LTS/lib/</path>
         <kind>archive</kind>
         <file>rtsv7M4_T_le_v4SPD16_eabi.lib</file>
         <name>pre_init.c.obj</name>
      </input_file>
      <input_file id="fl-d8">
         <path>/Applications/ti/ccs920/ccs/tools/compiler/ti-cgt-arm_18.12.3.LTS/lib/</path>
         <kind>archive</kind>
         <file>rtsv7M4_T_le_v4SPD16_eabi.lib</file>
         <name>cpy_tbl.c.obj</name>
      </input_file>
      <input_file id="fl-d9">
         <path>/Applications/ti/ccs920/ccs/tools/compiler/ti-cgt-arm_18.12.3.LTS/lib/</path>
         <kind>archive</kind>
         <file>rtsv7M4_T_le_v4SPD16_eabi.lib</file>
         <name>args_main.c.obj</name>
      </input_file>
      <input_file id="fl-da">
         <path>/Applications/ti/ccs920/ccs/tools/compiler/ti-cgt-arm_18.12.3.LTS/lib/</path>
         <kind>archive</kind>
         <file>rtsv7M4_T_le_v4SPD16_eabi.lib</file>
         <name>hostclose.c.obj</name>
      </input_file>
      <input_file id="fl-db">
         <path>/Applications/ti/ccs920/ccs/tools/compiler/ti-cgt-arm_18.12.3.LTS/lib/</path>
         <kind>archive</kind>
         <file>rtsv7M4_T_le_v4SPD16_eabi.lib</file>
         <name>hostlseek.c.obj</name>
      </input_file>
      <input_file id="fl-dc">
         <path>/Applications/ti/ccs920/ccs/tools/compiler/ti-cgt-arm_18.12.3.LTS/lib/</path>
         <kind>archive</kind>
         <file>rtsv7M4_T_le_v4SPD16_eabi.lib</file>
         <name>hostopen.c.obj</name>
      </input_file>
      <input_file id="fl-dd">
         <path>/Applications/ti/ccs920/ccs/tools/compiler/ti-cgt-arm_18.12.3.LTS/lib/</path>
         <kind>archive</kind>
         <file>rtsv7M4_T_le_v4SPD16_eabi.lib</file>
         <name>hostread.c.obj</name>
      </input_file>
      <input_file id="fl-de">
         <path>/Applications/ti/ccs920/ccs/tools/compiler/ti-cgt-arm_18.12.3.LTS/lib/</path>
         <kind>archive</kind>
         <file>rtsv7M4_T_le_v4SPD16_eabi.lib</file>
         <name>hostrename.c.obj</name>
      </input_file>
      <input_file id="fl-df">
         <path>/Applications/ti/ccs920/ccs/tools/compiler/ti-cgt-arm_18.12.3.LTS/lib/</path>
         <kind>archive</kind>
         <file>rtsv7M4_T_le_v4SPD16_eabi.lib</file>
         <name>hostunlink.c.obj</name>
      </input_file>
      <input_file id="fl-e0">
         <path>/Applications/ti/ccs920/ccs/tools/compiler/ti-cgt-arm_18.12.3.LTS/lib/</path>
         <kind>archive</kind>
         <file>rtsv7M4_T_le_v4SPD16_eabi.lib</file>
         <name>hostwrite.c.obj</name>
      </input_file>
      <input_file id="fl-e1">
         <path>/Applications/ti/ccs920/ccs/tools/compiler/ti-cgt-arm_18.12.3.LTS/lib/</path>
         <kind>archive</kind>
         <file>rtsv7M4_T_le_v4SPD16_eabi.lib</file>
         <name>trgmsg.c.obj</name>
      </input_file>
      <input_file id="fl-e2">
         <path>/Applications/ti/ccs920/ccs/tools/compiler/ti-cgt-arm_18.12.3.LTS/lib/</path>
         <kind>archive</kind>
         <file>rtsv7M4_T_le_v4SPD16_eabi.lib</file>
         <name>open.c.obj</name>
      </input_file>
      <input_file id="fl-e3">
         <path>/Applications/ti/ccs920/ccs/tools/compiler/ti-cgt-arm_18.12.3.LTS/lib/</path>
         <kind>archive</kind>
         <file>rtsv7M4_T_le_v4SPD16_eabi.lib</file>
         <name>lseek.c.obj</name>
      </input_file>
      <input_file id="fl-e4">
         <path>/Applications/ti/ccs920/ccs/tools/compiler/ti-cgt-arm_18.12.3.LTS/lib/</path>
         <kind>archive</kind>
         <file>rtsv7M4_T_le_v4SPD16_eabi.lib</file>
         <name>fclose.c.obj</name>
      </input_file>
      <input_file id="fl-e5">
         <path>/Applications/ti/ccs920/ccs/tools/compiler/ti-cgt-arm_18.12.3.LTS/lib/</path>
         <kind>archive</kind>
         <file>rtsv7M4_T_le_v4SPD16_eabi.lib</file>
         <name>getdevice.c.obj</name>
      </input_file>
      <input_file id="fl-e6">
         <path>/Applications/ti/ccs920/ccs/tools/compiler/ti-cgt-arm_18.12.3.LTS/lib/</path>
         <kind>archive</kind>
         <file>rtsv7M4_T_le_v4SPD16_eabi.lib</file>
         <name>strchr.c.obj</name>
      </input_file>
      <input_file id="fl-e7">
         <path>/Applications/ti/ccs920/ccs/tools/compiler/ti-cgt-arm_18.12.3.LTS/lib/</path>
         <kind>archive</kind>
         <file>rtsv7M4_T_le_v4SPD16_eabi.lib</file>
         <name>strcmp.c.obj</name>
      </input_file>
      <input_file id="fl-e8">
         <path>/Applications/ti/ccs920/ccs/tools/compiler/ti-cgt-arm_18.12.3.LTS/lib/</path>
         <kind>archive</kind>
         <file>rtsv7M4_T_le_v4SPD16_eabi.lib</file>
         <name>strcpy.c.obj</name>
      </input_file>
      <input_file id="fl-e9">
         <path>/Applications/ti/ccs920/ccs/tools/compiler/ti-cgt-arm_18.12.3.LTS/lib/</path>
         <kind>archive</kind>
         <file>rtsv7M4_T_le_v4SPD16_eabi.lib</file>
         <name>strncpy.c.obj</name>
      </input_file>
      <input_file id="fl-ea">
         <path>/Applications/ti/ccs920/ccs/tools/compiler/ti-cgt-arm_18.12.3.LTS/lib/</path>
         <kind>archive</kind>
         <file>rtsv7M4_T_le_v4SPD16_eabi.lib</file>
         <name>remove.c.obj</name>
      </input_file>
      <input_file id="fl-eb">
         <path>/Applications/ti/ccs920/ccs/tools/compiler/ti-cgt-arm_18.12.3.LTS/lib/</path>
         <kind>archive</kind>
         <file>rtsv7M4_T_le_v4SPD16_eabi.lib</file>
         <name>close.c.obj</name>
      </input_file>
      <input_file id="fl-ec">
         <path>/Applications/ti/ccs920/ccs/tools/compiler/ti-cgt-arm_18.12.3.LTS/lib/</path>
         <kind>archive</kind>
         <file>rtsv7M4_T_le_v4SPD16_eabi.lib</file>
         <name>unlink.c.obj</name>
      </input_file>
   </input_file_list>
   <object_component_list>
      <object_component id="oc-f">
         <name>.intvecs</name>
         <load_address>0x0</load_address>
         <run_address>0x0</run_address>
         <size>0x26c</size>
         <input_file_ref idref="fl-3"/>
      </object_component>
      <object_component id="oc-d3">
         <name>.text</name>
         <load_address>0x26c</load_address>
         <run_address>0x26c</run_address>
         <size>0x1d6c</size>
         <input_file_ref idref="fl-2"/>
      </object_component>
      <object_component id="oc-136">
         <name>.text:__TI_printfi_minimal</name>
         <load_address>0x1fd8</load_address>
         <run_address>0x1fd8</run_address>
         <size>0x226</size>
         <input_file_ref idref="fl-bf"/>
      </object_component>
      <object_component id="oc-18e">
         <name>.text:_nop</name>
         <load_address>0x21fe</load_address>
         <run_address>0x21fe</run_address>
         <size>0x2</size>
         <input_file_ref idref="fl-ca"/>
      </object_component>
      <object_component id="oc-19c">
         <name>.text:fputs</name>
         <load_address>0x2200</load_address>
         <run_address>0x2200</run_address>
         <size>0x114</size>
         <input_file_ref idref="fl-c1"/>
      </object_component>
      <object_component id="oc-9f">
         <name>.text</name>
         <load_address>0x2314</load_address>
         <run_address>0x2314</run_address>
         <size>0x108</size>
         <input_file_ref idref="fl-1"/>
      </object_component>
      <object_component id="oc-269">
         <name>.text:aligned_alloc</name>
         <load_address>0x241c</load_address>
         <run_address>0x241c</run_address>
         <size>0xf4</size>
         <input_file_ref idref="fl-ce"/>
      </object_component>
      <object_component id="oc-227">
         <name>.text:free</name>
         <load_address>0x2510</load_address>
         <run_address>0x2510</run_address>
         <size>0xe8</size>
         <input_file_ref idref="fl-ce"/>
      </object_component>
      <object_component id="oc-20a">
         <name>.text:setvbuf</name>
         <load_address>0x25f8</load_address>
         <run_address>0x25f8</run_address>
         <size>0xdc</size>
         <input_file_ref idref="fl-c3"/>
      </object_component>
      <object_component id="oc-3b">
         <name>.text</name>
         <load_address>0x26d4</load_address>
         <run_address>0x26d4</run_address>
         <size>0x9c</size>
         <input_file_ref idref="fl-c5"/>
      </object_component>
      <object_component id="oc-1a3">
         <name>.text:fputc</name>
         <load_address>0x2770</load_address>
         <run_address>0x2770</run_address>
         <size>0x8c</size>
         <input_file_ref idref="fl-c0"/>
      </object_component>
      <object_component id="oc-2b1">
         <name>.text:split</name>
         <load_address>0x27fc</load_address>
         <run_address>0x27fc</run_address>
         <size>0x7c</size>
         <input_file_ref idref="fl-ce"/>
      </object_component>
      <object_component id="oc-93">
         <name>.text</name>
         <load_address>0x2878</load_address>
         <run_address>0x2878</run_address>
         <size>0x7a</size>
         <input_file_ref idref="fl-c4"/>
      </object_component>
      <object_component id="oc-270">
         <name>.text:__TI_closefile</name>
         <load_address>0x28f4</load_address>
         <run_address>0x28f4</run_address>
         <size>0x74</size>
         <input_file_ref idref="fl-e4"/>
      </object_component>
      <object_component id="oc-2a0">
         <name>.text:HOSTrename</name>
         <load_address>0x2968</load_address>
         <run_address>0x2968</run_address>
         <size>0x6c</size>
         <input_file_ref idref="fl-de"/>
      </object_component>
      <object_component id="oc-294">
         <name>.text:HOSTlseek</name>
         <load_address>0x29d4</load_address>
         <run_address>0x29d4</run_address>
         <size>0x68</size>
         <input_file_ref idref="fl-db"/>
      </object_component>
      <object_component id="oc-12">
         <name>.text:decompress:lzss:__TI_decompress_lzss</name>
         <load_address>0x2a3c</load_address>
         <run_address>0x2a3c</run_address>
         <size>0x68</size>
         <input_file_ref idref="fl-c8"/>
      </object_component>
      <object_component id="oc-d9">
         <name>.text:printf</name>
         <load_address>0x2aa4</load_address>
         <run_address>0x2aa4</run_address>
         <size>0x68</size>
         <input_file_ref idref="fl-be"/>
      </object_component>
      <object_component id="oc-204">
         <name>.text:fseek</name>
         <load_address>0x2b0c</load_address>
         <run_address>0x2b0c</run_address>
         <size>0x64</size>
         <input_file_ref idref="fl-d5"/>
      </object_component>
      <object_component id="oc-1d8">
         <name>.text:__TI_wrt_ok</name>
         <load_address>0x2b70</load_address>
         <run_address>0x2b70</run_address>
         <size>0x62</size>
         <input_file_ref idref="fl-c2"/>
      </object_component>
      <object_component id="oc-27c">
         <name>.text:HOSTopen</name>
         <load_address>0x2bd4</load_address>
         <run_address>0x2bd4</run_address>
         <size>0x60</size>
         <input_file_ref idref="fl-dc"/>
      </object_component>
      <object_component id="oc-2b8">
         <name>.text:close</name>
         <load_address>0x2c34</load_address>
         <run_address>0x2c34</run_address>
         <size>0x5c</size>
         <input_file_ref idref="fl-eb"/>
      </object_component>
      <object_component id="oc-288">
         <name>.text:HOSTread</name>
         <load_address>0x2c90</load_address>
         <run_address>0x2c90</run_address>
         <size>0x58</size>
         <input_file_ref idref="fl-dd"/>
      </object_component>
      <object_component id="oc-28e">
         <name>.text:HOSTwrite</name>
         <load_address>0x2ce8</load_address>
         <run_address>0x2ce8</run_address>
         <size>0x58</size>
         <input_file_ref idref="fl-e0"/>
      </object_component>
      <object_component id="oc-1e4">
         <name>.text:__TI_doflush</name>
         <load_address>0x2d40</load_address>
         <run_address>0x2d40</run_address>
         <size>0x4c</size>
         <input_file_ref idref="fl-d3"/>
      </object_component>
      <object_component id="oc-e6">
         <name>.text:exit</name>
         <load_address>0x2d8c</load_address>
         <run_address>0x2d8c</run_address>
         <size>0x48</size>
         <input_file_ref idref="fl-c9"/>
      </object_component>
      <object_component id="oc-282">
         <name>.text:HOSTclose</name>
         <load_address>0x2dd4</load_address>
         <run_address>0x2dd4</run_address>
         <size>0x44</size>
         <input_file_ref idref="fl-da"/>
      </object_component>
      <object_component id="oc-29a">
         <name>.text:HOSTunlink</name>
         <load_address>0x2e18</load_address>
         <run_address>0x2e18</run_address>
         <size>0x44</size>
         <input_file_ref idref="fl-df"/>
      </object_component>
      <object_component id="oc-ec">
         <name>.text:__TI_auto_init_nobinit_nopinit:__TI_auto_init_nobinit_nopinit</name>
         <load_address>0x2e5c</load_address>
         <run_address>0x2e5c</run_address>
         <size>0x44</size>
         <input_file_ref idref="fl-d6"/>
      </object_component>
      <object_component id="oc-2f0">
         <name>.text:getdevice</name>
         <load_address>0x2ea0</load_address>
         <run_address>0x2ea0</run_address>
         <size>0x44</size>
         <input_file_ref idref="fl-e5"/>
      </object_component>
      <object_component id="oc-2c9">
         <name>.text:__TI_writemsg</name>
         <load_address>0x2ee4</load_address>
         <run_address>0x2ee4</run_address>
         <size>0x38</size>
         <input_file_ref idref="fl-e1"/>
      </object_component>
      <object_component id="oc-318">
         <name>.text:strncpy</name>
         <load_address>0x2f1c</load_address>
         <run_address>0x2f1c</run_address>
         <size>0x36</size>
         <input_file_ref idref="fl-e9"/>
      </object_component>
      <object_component id="oc-233">
         <name>.text:__TI_cleanup</name>
         <load_address>0x2f54</load_address>
         <run_address>0x2f54</run_address>
         <size>0x34</size>
         <input_file_ref idref="fl-d4"/>
      </object_component>
      <object_component id="oc-2cf">
         <name>.text:__TI_readmsg</name>
         <load_address>0x2f88</load_address>
         <run_address>0x2f88</run_address>
         <size>0x34</size>
         <input_file_ref idref="fl-e1"/>
      </object_component>
      <object_component id="oc-59">
         <name>.text:_c_int00_noargs:_c_int00_noargs</name>
         <load_address>0x2fbc</load_address>
         <run_address>0x2fbc</run_address>
         <size>0x34</size>
         <input_file_ref idref="fl-d2"/>
      </object_component>
      <object_component id="oc-31e">
         <name>.text:finddevice</name>
         <load_address>0x2ff0</load_address>
         <run_address>0x2ff0</run_address>
         <size>0x30</size>
         <input_file_ref idref="fl-e5"/>
      </object_component>
      <object_component id="oc-2be">
         <name>.text:unlink</name>
         <load_address>0x3020</load_address>
         <run_address>0x3020</run_address>
         <size>0x2c</size>
         <input_file_ref idref="fl-ec"/>
      </object_component>
      <object_component id="oc-262">
         <name>.text:free_list_insert</name>
         <load_address>0x304c</load_address>
         <run_address>0x304c</run_address>
         <size>0x28</size>
         <input_file_ref idref="fl-ce"/>
      </object_component>
      <object_component id="oc-21f">
         <name>.text:lseek</name>
         <load_address>0x3074</load_address>
         <run_address>0x3074</run_address>
         <size>0x28</size>
         <input_file_ref idref="fl-e3"/>
      </object_component>
      <object_component id="oc-1ea">
         <name>.text:write</name>
         <load_address>0x309c</load_address>
         <run_address>0x309c</run_address>
         <size>0x28</size>
         <input_file_ref idref="fl-d0"/>
      </object_component>
      <object_component id="oc-1de">
         <name>.text:memchr</name>
         <load_address>0x30c4</load_address>
         <run_address>0x30c4</run_address>
         <size>0x20</size>
         <input_file_ref idref="fl-cd"/>
      </object_component>
      <object_component id="oc-25c">
         <name>.text:free_list_remove</name>
         <load_address>0x30e4</load_address>
         <run_address>0x30e4</run_address>
         <size>0x1c</size>
         <input_file_ref idref="fl-ce"/>
      </object_component>
      <object_component id="oc-181">
         <name>.text:memccpy</name>
         <load_address>0x3100</load_address>
         <run_address>0x3100</run_address>
         <size>0x1c</size>
         <input_file_ref idref="fl-cc"/>
      </object_component>
      <object_component id="oc-337">
         <name>.text:strcmp</name>
         <load_address>0x311c</load_address>
         <run_address>0x311c</run_address>
         <size>0x18</size>
         <input_file_ref idref="fl-e7"/>
      </object_component>
      <object_component id="oc-312">
         <name>.text:strchr</name>
         <load_address>0x3134</load_address>
         <run_address>0x3134</run_address>
         <size>0x16</size>
         <input_file_ref idref="fl-e6"/>
      </object_component>
      <object_component id="oc-2e3">
         <name>.text:strcpy</name>
         <load_address>0x314a</load_address>
         <run_address>0x314a</run_address>
         <size>0x14</size>
         <input_file_ref idref="fl-e8"/>
      </object_component>
      <object_component id="oc-17b">
         <name>.text:strlen</name>
         <load_address>0x315e</load_address>
         <run_address>0x315e</run_address>
         <size>0x14</size>
         <input_file_ref idref="fl-cf"/>
      </object_component>
      <object_component id="oc-18">
         <name>.text:decompress:none:__TI_decompress_none</name>
         <load_address>0x3172</load_address>
         <run_address>0x3172</run_address>
         <size>0xe</size>
         <input_file_ref idref="fl-c7"/>
      </object_component>
      <object_component id="oc-4d">
         <name>.text:decompress:ZI:__TI_zero_init</name>
         <load_address>0x3180</load_address>
         <run_address>0x3180</run_address>
         <size>0xc</size>
         <input_file_ref idref="fl-c6"/>
      </object_component>
      <object_component id="oc-27">
         <name>.text</name>
         <load_address>0x318c</load_address>
         <run_address>0x318c</run_address>
         <size>0xc</size>
         <input_file_ref idref="fl-3"/>
      </object_component>
      <object_component id="oc-22d">
         <name>.text:malloc</name>
         <load_address>0x3198</load_address>
         <run_address>0x3198</run_address>
         <size>0x8</size>
         <input_file_ref idref="fl-ce"/>
      </object_component>
      <object_component id="oc-148">
         <name>.text:_outc</name>
         <load_address>0x31a0</load_address>
         <run_address>0x31a0</run_address>
         <size>0x4</size>
         <input_file_ref idref="fl-be"/>
      </object_component>
      <object_component id="oc-142">
         <name>.text:_outs</name>
         <load_address>0x31a4</load_address>
         <run_address>0x31a4</run_address>
         <size>0x4</size>
         <input_file_ref idref="fl-be"/>
      </object_component>
      <object_component id="oc-99">
         <name>.text:_system_pre_init</name>
         <load_address>0x31a8</load_address>
         <run_address>0x31a8</run_address>
         <size>0x4</size>
         <input_file_ref idref="fl-d7"/>
      </object_component>
      <object_component id="oc-e0">
         <name>.text:abort:abort</name>
         <load_address>0x31ac</load_address>
         <run_address>0x31ac</run_address>
         <size>0x4</size>
         <input_file_ref idref="fl-c9"/>
      </object_component>
      <object_component id="oc-371">
         <name>.cinit..data.load</name>
         <load_address>0x31b0</load_address>
         <run_address>0x31b0</run_address>
         <size>0x6f</size>
      </object_component>
      <object_component id="oc-36f">
         <name>__TI_handler_table</name>
         <load_address>0x3220</load_address>
         <run_address>0x3220</run_address>
         <size>0xc</size>
      </object_component>
      <object_component id="oc-372">
         <name>.cinit..bss.load</name>
         <load_address>0x3230</load_address>
         <run_address>0x3230</run_address>
         <size>0x8</size>
      </object_component>
      <object_component id="oc-370">
         <name>__TI_cinit_table</name>
         <load_address>0x3238</load_address>
         <run_address>0x3238</run_address>
         <size>0x10</size>
      </object_component>
      <object_component id="oc-125">
         <name>.data</name>
         <load_address>0x20006cd0</load_address>
         <run_address>0x20006cd0</run_address>
         <size>0x18</size>
         <input_file_ref idref="fl-2"/>
      </object_component>
      <object_component id="oc-156">
         <name>.data:$O1$$</name>
         <load_address>0x20006cf8</load_address>
         <run_address>0x20006cf8</run_address>
         <size>0xc</size>
         <input_file_ref idref="fl-c9"/>
      </object_component>
      <object_component id="oc-13c">
         <name>.data:$O1$$</name>
         <load_address>0x20006d04</load_address>
         <run_address>0x20006d04</run_address>
         <size>0x8</size>
         <input_file_ref idref="fl-ca"/>
      </object_component>
      <object_component id="oc-13f">
         <name>.data:_ftable</name>
         <load_address>0x20006b18</load_address>
         <run_address>0x20006b18</run_address>
         <size>0xf0</size>
         <input_file_ref idref="fl-cb"/>
      </object_component>
      <object_component id="oc-276">
         <name>.data</name>
         <load_address>0x20006ce8</load_address>
         <run_address>0x20006ce8</run_address>
         <size>0x10</size>
         <input_file_ref idref="fl-cb"/>
      </object_component>
      <object_component id="oc-2ac">
         <name>.data:$O1$$</name>
         <load_address>0x20006d0c</load_address>
         <run_address>0x20006d0c</run_address>
         <size>0x8</size>
         <input_file_ref idref="fl-ce"/>
      </object_component>
      <object_component id="oc-246">
         <name>.data:_device</name>
         <load_address>0x20006c08</load_address>
         <run_address>0x20006c08</run_address>
         <size>0x78</size>
         <input_file_ref idref="fl-d1"/>
      </object_component>
      <object_component id="oc-216">
         <name>.data:_stream</name>
         <load_address>0x20006c80</load_address>
         <run_address>0x20006c80</run_address>
         <size>0x50</size>
         <input_file_ref idref="fl-d1"/>
      </object_component>
      <object_component id="oc-2fa">
         <name>.bss:_CIOBUF_</name>
         <uninitialized>true</uninitialized>
         <run_address>0x20006530</run_address>
         <size>0x120</size>
         <input_file_ref idref="fl-e1"/>
      </object_component>
      <object_component id="oc-12c">
         <name>.common:Timer1</name>
         <uninitialized>true</uninitialized>
         <run_address>0x20006714</run_address>
         <size>0x1</size>
      </object_component>
      <object_component id="oc-12b">
         <name>.common:Timer2</name>
         <uninitialized>true</uninitialized>
         <run_address>0x20006715</run_address>
         <size>0x1</size>
      </object_component>
      <object_component id="oc-12e">
         <name>.common:lba_begin_address</name>
         <uninitialized>true</uninitialized>
         <run_address>0x20006704</run_address>
         <size>0x4</size>
      </object_component>
      <object_component id="oc-12f">
         <name>.common:number_of_sectors</name>
         <uninitialized>true</uninitialized>
         <run_address>0x20006708</run_address>
         <size>0x4</size>
      </object_component>
      <object_component id="oc-132">
         <name>.common:lba_addr</name>
         <uninitialized>true</uninitialized>
         <run_address>0x20006700</run_address>
         <size>0x4</size>
      </object_component>
      <object_component id="oc-133">
         <name>.common:cluster_begin_lba</name>
         <uninitialized>true</uninitialized>
         <run_address>0x200066f8</run_address>
         <size>0x4</size>
      </object_component>
      <object_component id="oc-130">
         <name>.common:fat_begin_lba</name>
         <uninitialized>true</uninitialized>
         <run_address>0x200066fc</run_address>
         <size>0x4</size>
      </object_component>
      <object_component id="oc-131">
         <name>.common:sectors_per_fat</name>
         <uninitialized>true</uninitialized>
         <run_address>0x20006710</run_address>
         <size>0x4</size>
      </object_component>
      <object_component id="oc-12d">
         <name>.common:root_dir_first_cluster</name>
         <uninitialized>true</uninitialized>
         <run_address>0x2000670c</run_address>
         <size>0x4</size>
      </object_component>
      <object_component id="oc-134">
         <name>.common:sectors_per_cluster</name>
         <uninitialized>true</uninitialized>
         <run_address>0x20006716</run_address>
         <size>0x1</size>
      </object_component>
      <object_component id="oc-128">
         <name>.common:file_dir</name>
         <uninitialized>true</uninitialized>
         <run_address>0x20003970</run_address>
         <size>0x2bc0</size>
      </object_component>
      <object_component id="oc-2c4">
         <name>.common:__TI_tmpnams</name>
         <uninitialized>true</uninitialized>
         <run_address>0x20006650</run_address>
         <size>0xa0</size>
      </object_component>
      <object_component id="oc-2d5">
         <name>.common:parmbuf</name>
         <uninitialized>true</uninitialized>
         <run_address>0x200066f0</run_address>
         <size>0x8</size>
      </object_component>
      <object_component id="oc-21">
         <name>.sysmem</name>
         <uninitialized>true</uninitialized>
         <run_address>0x20006718</run_address>
         <size>0x10</size>
         <input_file_ref idref="fl-ce"/>
      </object_component>
      <object_component id="oc-374">
         <name>.sysmem</name>
         <uninitialized>true</uninitialized>
         <run_address>0x20006718</run_address>
         <size>0x0</size>
      </object_component>
      <object_component id="oc-24">
         <name>.stack</name>
         <uninitialized>true</uninitialized>
         <run_address>0x20000000</run_address>
         <size>0x4</size>
         <input_file_ref idref="fl-d2"/>
      </object_component>
      <object_component id="oc-373">
         <name>.stack</name>
         <uninitialized>true</uninitialized>
         <run_address>0x20000000</run_address>
         <size>0x0</size>
      </object_component>
      <object_component id="oc-c2">
         <name>.debug_info</name>
         <load_address>0x0</load_address>
         <run_address>0x0</run_address>
         <size>0x4e8</size>
         <input_file_ref idref="fl-1"/>
      </object_component>
      <object_component id="oc-a0">
         <name>.debug_info</name>
         <load_address>0x4e8</load_address>
         <run_address>0x4e8</run_address>
         <size>0x38c</size>
         <input_file_ref idref="fl-1"/>
      </object_component>
      <object_component id="oc-74">
         <name>.debug_info</name>
         <load_address>0x874</load_address>
         <run_address>0x874</run_address>
         <size>0x26b</size>
         <input_file_ref idref="fl-1"/>
      </object_component>
      <object_component id="oc-120">
         <name>.debug_info</name>
         <load_address>0xadf</load_address>
         <run_address>0xadf</run_address>
         <size>0xb1</size>
         <input_file_ref idref="fl-1"/>
      </object_component>
      <object_component id="oc-36">
         <name>.debug_info</name>
         <load_address>0xb90</load_address>
         <run_address>0xb90</run_address>
         <size>0x84</size>
         <input_file_ref idref="fl-1"/>
      </object_component>
      <object_component id="oc-bd">
         <name>.debug_info</name>
         <load_address>0xc14</load_address>
         <run_address>0xc14</run_address>
         <size>0x297</size>
         <input_file_ref idref="fl-1"/>
      </object_component>
      <object_component id="oc-79">
         <name>.debug_info</name>
         <load_address>0xeab</load_address>
         <run_address>0xeab</run_address>
         <size>0xbb</size>
         <input_file_ref idref="fl-1"/>
      </object_component>
      <object_component id="oc-150">
         <name>.debug_info</name>
         <load_address>0xf66</load_address>
         <run_address>0xf66</run_address>
         <size>0x2c</size>
         <input_file_ref idref="fl-1"/>
      </object_component>
      <object_component id="oc-129">
         <name>.debug_info</name>
         <load_address>0xf92</load_address>
         <run_address>0xf92</run_address>
         <size>0x558</size>
         <input_file_ref idref="fl-2"/>
      </object_component>
      <object_component id="oc-126">
         <name>.debug_info</name>
         <load_address>0x14ea</load_address>
         <run_address>0x14ea</run_address>
         <size>0x1c9</size>
         <input_file_ref idref="fl-2"/>
      </object_component>
      <object_component id="oc-d4">
         <name>.debug_info</name>
         <load_address>0x16b3</load_address>
         <run_address>0x16b3</run_address>
         <size>0x1a88</size>
         <input_file_ref idref="fl-2"/>
      </object_component>
      <object_component id="oc-176">
         <name>.debug_info</name>
         <load_address>0x313b</load_address>
         <run_address>0x313b</run_address>
         <size>0x16c</size>
         <input_file_ref idref="fl-2"/>
      </object_component>
      <object_component id="oc-2f">
         <name>.debug_info</name>
         <load_address>0x32a7</load_address>
         <run_address>0x32a7</run_address>
         <size>0x2b3</size>
         <input_file_ref idref="fl-3"/>
      </object_component>
      <object_component id="oc-10">
         <name>.debug_info</name>
         <load_address>0x355a</load_address>
         <run_address>0x355a</run_address>
         <size>0xf2</size>
         <input_file_ref idref="fl-3"/>
      </object_component>
      <object_component id="oc-28">
         <name>.debug_info</name>
         <load_address>0x364c</load_address>
         <run_address>0x364c</run_address>
         <size>0x26e</size>
         <input_file_ref idref="fl-3"/>
      </object_component>
      <object_component id="oc-14f">
         <name>.debug_info</name>
         <load_address>0x38ba</load_address>
         <run_address>0x38ba</run_address>
         <size>0x3e6</size>
         <input_file_ref idref="fl-be"/>
      </object_component>
      <object_component id="oc-149">
         <name>.debug_info</name>
         <load_address>0x3ca0</load_address>
         <run_address>0x3ca0</run_address>
         <size>0x158</size>
         <input_file_ref idref="fl-be"/>
      </object_component>
      <object_component id="oc-143">
         <name>.debug_info</name>
         <load_address>0x3df8</load_address>
         <run_address>0x3df8</run_address>
         <size>0x167</size>
         <input_file_ref idref="fl-be"/>
      </object_component>
      <object_component id="oc-da">
         <name>.debug_info</name>
         <load_address>0x3f5f</load_address>
         <run_address>0x3f5f</run_address>
         <size>0x1ad</size>
         <input_file_ref idref="fl-be"/>
      </object_component>
      <object_component id="oc-1ac">
         <name>.debug_info</name>
         <load_address>0x410c</load_address>
         <run_address>0x410c</run_address>
         <size>0xb2</size>
         <input_file_ref idref="fl-be"/>
      </object_component>
      <object_component id="oc-188">
         <name>.debug_info</name>
         <load_address>0x41be</load_address>
         <run_address>0x41be</run_address>
         <size>0x3d0</size>
         <input_file_ref idref="fl-bf"/>
      </object_component>
      <object_component id="oc-137">
         <name>.debug_info</name>
         <load_address>0x458e</load_address>
         <run_address>0x458e</run_address>
         <size>0x416</size>
         <input_file_ref idref="fl-bf"/>
      </object_component>
      <object_component id="oc-189">
         <name>.debug_info</name>
         <load_address>0x49a4</load_address>
         <run_address>0x49a4</run_address>
         <size>0x39</size>
         <input_file_ref idref="fl-bf"/>
      </object_component>
      <object_component id="oc-1ce">
         <name>.debug_info</name>
         <load_address>0x49dd</load_address>
         <run_address>0x49dd</run_address>
         <size>0x2c</size>
         <input_file_ref idref="fl-bf"/>
      </object_component>
      <object_component id="oc-1f3">
         <name>.debug_info</name>
         <load_address>0x4a09</load_address>
         <run_address>0x4a09</run_address>
         <size>0x384</size>
         <input_file_ref idref="fl-c0"/>
      </object_component>
      <object_component id="oc-1a4">
         <name>.debug_info</name>
         <load_address>0x4d8d</load_address>
         <run_address>0x4d8d</run_address>
         <size>0x1eb</size>
         <input_file_ref idref="fl-c0"/>
      </object_component>
      <object_component id="oc-1f1">
         <name>.debug_info</name>
         <load_address>0x4f78</load_address>
         <run_address>0x4f78</run_address>
         <size>0x3fd</size>
         <input_file_ref idref="fl-c1"/>
      </object_component>
      <object_component id="oc-19d">
         <name>.debug_info</name>
         <load_address>0x5375</load_address>
         <run_address>0x5375</run_address>
         <size>0x2e3</size>
         <input_file_ref idref="fl-c1"/>
      </object_component>
      <object_component id="oc-ca">
         <name>.debug_info</name>
         <load_address>0x5658</load_address>
         <run_address>0x5658</run_address>
         <size>0x2c</size>
         <input_file_ref idref="fl-c1"/>
      </object_component>
      <object_component id="oc-211">
         <name>.debug_info</name>
         <load_address>0x5684</load_address>
         <run_address>0x5684</run_address>
         <size>0x301</size>
         <input_file_ref idref="fl-c2"/>
      </object_component>
      <object_component id="oc-1d9">
         <name>.debug_info</name>
         <load_address>0x5985</load_address>
         <run_address>0x5985</run_address>
         <size>0x19d</size>
         <input_file_ref idref="fl-c2"/>
      </object_component>
      <object_component id="oc-23b">
         <name>.debug_info</name>
         <load_address>0x5b22</load_address>
         <run_address>0x5b22</run_address>
         <size>0xbf</size>
         <input_file_ref idref="fl-c2"/>
      </object_component>
      <object_component id="oc-23a">
         <name>.debug_info</name>
         <load_address>0x5be1</load_address>
         <run_address>0x5be1</run_address>
         <size>0x375</size>
         <input_file_ref idref="fl-c3"/>
      </object_component>
      <object_component id="oc-20b">
         <name>.debug_info</name>
         <load_address>0x5f56</load_address>
         <run_address>0x5f56</run_address>
         <size>0x20c</size>
         <input_file_ref idref="fl-c3"/>
      </object_component>
      <object_component id="oc-94">
         <name>.debug_info</name>
         <load_address>0x6162</load_address>
         <run_address>0x6162</run_address>
         <size>0x148</size>
         <input_file_ref idref="fl-c4"/>
      </object_component>
      <object_component id="oc-3c">
         <name>.debug_info</name>
         <load_address>0x62aa</load_address>
         <run_address>0x62aa</run_address>
         <size>0x11a</size>
         <input_file_ref idref="fl-c5"/>
      </object_component>
      <object_component id="oc-92">
         <name>.debug_info</name>
         <load_address>0x63c4</load_address>
         <run_address>0x63c4</run_address>
         <size>0x2d5</size>
         <input_file_ref idref="fl-c6"/>
      </object_component>
      <object_component id="oc-4e">
         <name>.debug_info</name>
         <load_address>0x6699</load_address>
         <run_address>0x6699</run_address>
         <size>0x1b6</size>
         <input_file_ref idref="fl-c6"/>
      </object_component>
      <object_component id="oc-8d">
         <name>.debug_info</name>
         <load_address>0x684f</load_address>
         <run_address>0x684f</run_address>
         <size>0x46</size>
         <input_file_ref idref="fl-c6"/>
      </object_component>
      <object_component id="oc-46">
         <name>.debug_info</name>
         <load_address>0x6895</load_address>
         <run_address>0x6895</run_address>
         <size>0x2a9</size>
         <input_file_ref idref="fl-c7"/>
      </object_component>
      <object_component id="oc-19">
         <name>.debug_info</name>
         <load_address>0x6b3e</load_address>
         <run_address>0x6b3e</run_address>
         <size>0x1eb</size>
         <input_file_ref idref="fl-c7"/>
      </object_component>
      <object_component id="oc-41">
         <name>.debug_info</name>
         <load_address>0x6d29</load_address>
         <run_address>0x6d29</run_address>
         <size>0x46</size>
         <input_file_ref idref="fl-c7"/>
      </object_component>
      <object_component id="oc-85">
         <name>.debug_info</name>
         <load_address>0x6d6f</load_address>
         <run_address>0x6d6f</run_address>
         <size>0x2c</size>
         <input_file_ref idref="fl-c7"/>
      </object_component>
      <object_component id="oc-83">
         <name>.debug_info</name>
         <load_address>0x6d9b</load_address>
         <run_address>0x6d9b</run_address>
         <size>0x29f</size>
         <input_file_ref idref="fl-c8"/>
      </object_component>
      <object_component id="oc-13">
         <name>.debug_info</name>
         <load_address>0x703a</load_address>
         <run_address>0x703a</run_address>
         <size>0x251</size>
         <input_file_ref idref="fl-c8"/>
      </object_component>
      <object_component id="oc-31">
         <name>.debug_info</name>
         <load_address>0x728b</load_address>
         <run_address>0x728b</run_address>
         <size>0x60</size>
         <input_file_ref idref="fl-c8"/>
      </object_component>
      <object_component id="oc-c3">
         <name>.debug_info</name>
         <load_address>0x72eb</load_address>
         <run_address>0x72eb</run_address>
         <size>0x46</size>
         <input_file_ref idref="fl-c8"/>
      </object_component>
      <object_component id="oc-7e">
         <name>.debug_info</name>
         <load_address>0x7331</load_address>
         <run_address>0x7331</run_address>
         <size>0x39</size>
         <input_file_ref idref="fl-c8"/>
      </object_component>
      <object_component id="oc-15a">
         <name>.debug_info</name>
         <load_address>0x736a</load_address>
         <run_address>0x736a</run_address>
         <size>0x3ae</size>
         <input_file_ref idref="fl-c9"/>
      </object_component>
      <object_component id="oc-157">
         <name>.debug_info</name>
         <load_address>0x7718</load_address>
         <run_address>0x7718</run_address>
         <size>0x191</size>
         <input_file_ref idref="fl-c9"/>
      </object_component>
      <object_component id="oc-e1">
         <name>.debug_info</name>
         <load_address>0x78a9</load_address>
         <run_address>0x78a9</run_address>
         <size>0x123</size>
         <input_file_ref idref="fl-c9"/>
      </object_component>
      <object_component id="oc-e7">
         <name>.debug_info</name>
         <load_address>0x79cc</load_address>
         <run_address>0x79cc</run_address>
         <size>0x185</size>
         <input_file_ref idref="fl-c9"/>
      </object_component>
      <object_component id="oc-196">
         <name>.debug_info</name>
         <load_address>0x7b51</load_address>
         <run_address>0x7b51</run_address>
         <size>0x2ca</size>
         <input_file_ref idref="fl-ca"/>
      </object_component>
      <object_component id="oc-13d">
         <name>.debug_info</name>
         <load_address>0x7e1b</load_address>
         <run_address>0x7e1b</run_address>
         <size>0x11f</size>
         <input_file_ref idref="fl-ca"/>
      </object_component>
      <object_component id="oc-18f">
         <name>.debug_info</name>
         <load_address>0x7f3a</load_address>
         <run_address>0x7f3a</run_address>
         <size>0x12f</size>
         <input_file_ref idref="fl-ca"/>
      </object_component>
      <object_component id="oc-19a">
         <name>.debug_info</name>
         <load_address>0x8069</load_address>
         <run_address>0x8069</run_address>
         <size>0x145</size>
         <input_file_ref idref="fl-cb"/>
      </object_component>
      <object_component id="oc-140">
         <name>.debug_info</name>
         <load_address>0x81ae</load_address>
         <run_address>0x81ae</run_address>
         <size>0x103</size>
         <input_file_ref idref="fl-cb"/>
      </object_component>
      <object_component id="oc-277">
         <name>.debug_info</name>
         <load_address>0x82b1</load_address>
         <run_address>0x82b1</run_address>
         <size>0x190</size>
         <input_file_ref idref="fl-cb"/>
      </object_component>
      <object_component id="oc-1cb">
         <name>.debug_info</name>
         <load_address>0x8441</load_address>
         <run_address>0x8441</run_address>
         <size>0x297</size>
         <input_file_ref idref="fl-cc"/>
      </object_component>
      <object_component id="oc-182">
         <name>.debug_info</name>
         <load_address>0x86d8</load_address>
         <run_address>0x86d8</run_address>
         <size>0x1b7</size>
         <input_file_ref idref="fl-cc"/>
      </object_component>
      <object_component id="oc-213">
         <name>.debug_info</name>
         <load_address>0x888f</load_address>
         <run_address>0x888f</run_address>
         <size>0x2a6</size>
         <input_file_ref idref="fl-cd"/>
      </object_component>
      <object_component id="oc-1df">
         <name>.debug_info</name>
         <load_address>0x8b35</load_address>
         <run_address>0x8b35</run_address>
         <size>0x25e</size>
         <input_file_ref idref="fl-cd"/>
      </object_component>
      <object_component id="oc-6d">
         <name>.debug_info</name>
         <load_address>0x8d93</load_address>
         <run_address>0x8d93</run_address>
         <size>0x3b3</size>
         <input_file_ref idref="fl-ce"/>
      </object_component>
      <object_component id="oc-22">
         <name>.debug_info</name>
         <load_address>0x9146</load_address>
         <run_address>0x9146</run_address>
         <size>0x10d</size>
         <input_file_ref idref="fl-ce"/>
      </object_component>
      <object_component id="oc-2ad">
         <name>.debug_info</name>
         <load_address>0x9253</load_address>
         <run_address>0x9253</run_address>
         <size>0x140</size>
         <input_file_ref idref="fl-ce"/>
      </object_component>
      <object_component id="oc-22e">
         <name>.debug_info</name>
         <load_address>0x9393</load_address>
         <run_address>0x9393</run_address>
         <size>0x169</size>
         <input_file_ref idref="fl-ce"/>
      </object_component>
      <object_component id="oc-25d">
         <name>.debug_info</name>
         <load_address>0x94fc</load_address>
         <run_address>0x94fc</run_address>
         <size>0x18f</size>
         <input_file_ref idref="fl-ce"/>
      </object_component>
      <object_component id="oc-263">
         <name>.debug_info</name>
         <load_address>0x968b</load_address>
         <run_address>0x968b</run_address>
         <size>0x1a0</size>
         <input_file_ref idref="fl-ce"/>
      </object_component>
      <object_component id="oc-228">
         <name>.debug_info</name>
         <load_address>0x982b</load_address>
         <run_address>0x982b</run_address>
         <size>0x204</size>
         <input_file_ref idref="fl-ce"/>
      </object_component>
      <object_component id="oc-2b2">
         <name>.debug_info</name>
         <load_address>0x9a2f</load_address>
         <run_address>0x9a2f</run_address>
         <size>0x1dc</size>
         <input_file_ref idref="fl-ce"/>
      </object_component>
      <object_component id="oc-26a">
         <name>.debug_info</name>
         <load_address>0x9c0b</load_address>
         <run_address>0x9c0b</run_address>
         <size>0x29a</size>
         <input_file_ref idref="fl-ce"/>
      </object_component>
      <object_component id="oc-b8">
         <name>.debug_info</name>
         <load_address>0x9ea5</load_address>
         <run_address>0x9ea5</run_address>
         <size>0xb2</size>
         <input_file_ref idref="fl-ce"/>
      </object_component>
      <object_component id="oc-b3">
         <name>.debug_info</name>
         <load_address>0x9f57</load_address>
         <run_address>0x9f57</run_address>
         <size>0x2c</size>
         <input_file_ref idref="fl-ce"/>
      </object_component>
      <object_component id="oc-1c9">
         <name>.debug_info</name>
         <load_address>0x9f83</load_address>
         <run_address>0x9f83</run_address>
         <size>0x290</size>
         <input_file_ref idref="fl-cf"/>
      </object_component>
      <object_component id="oc-17c">
         <name>.debug_info</name>
         <load_address>0xa213</load_address>
         <run_address>0xa213</run_address>
         <size>0x246</size>
         <input_file_ref idref="fl-cf"/>
      </object_component>
      <object_component id="oc-21a">
         <name>.debug_info</name>
         <load_address>0xa459</load_address>
         <run_address>0xa459</run_address>
         <size>0x398</size>
         <input_file_ref idref="fl-d0"/>
      </object_component>
      <object_component id="oc-1eb">
         <name>.debug_info</name>
         <load_address>0xa7f1</load_address>
         <run_address>0xa7f1</run_address>
         <size>0x190</size>
         <input_file_ref idref="fl-d0"/>
      </object_component>
      <object_component id="oc-24e">
         <name>.debug_info</name>
         <load_address>0xa981</load_address>
         <run_address>0xa981</run_address>
         <size>0x120</size>
         <input_file_ref idref="fl-d0"/>
      </object_component>
      <object_component id="oc-253">
         <name>.debug_info</name>
         <load_address>0xaaa1</load_address>
         <run_address>0xaaa1</run_address>
         <size>0x2c</size>
         <input_file_ref idref="fl-d0"/>
      </object_component>
      <object_component id="oc-24b">
         <name>.debug_info</name>
         <load_address>0xaacd</load_address>
         <run_address>0xaacd</run_address>
         <size>0x338</size>
         <input_file_ref idref="fl-d1"/>
      </object_component>
      <object_component id="oc-247">
         <name>.debug_info</name>
         <load_address>0xae05</load_address>
         <run_address>0xae05</run_address>
         <size>0x10a</size>
         <input_file_ref idref="fl-d1"/>
      </object_component>
      <object_component id="oc-217">
         <name>.debug_info</name>
         <load_address>0xaf0f</load_address>
         <run_address>0xaf0f</run_address>
         <size>0x10a</size>
         <input_file_ref idref="fl-d1"/>
      </object_component>
      <object_component id="oc-25">
         <name>.debug_info</name>
         <load_address>0xb019</load_address>
         <run_address>0xb019</run_address>
         <size>0x10c</size>
         <input_file_ref idref="fl-d2"/>
      </object_component>
      <object_component id="oc-5a">
         <name>.debug_info</name>
         <load_address>0xb125</load_address>
         <run_address>0xb125</run_address>
         <size>0x1aa</size>
         <input_file_ref idref="fl-d2"/>
      </object_component>
      <object_component id="oc-215">
         <name>.debug_info</name>
         <load_address>0xb2cf</load_address>
         <run_address>0xb2cf</run_address>
         <size>0x348</size>
         <input_file_ref idref="fl-d3"/>
      </object_component>
      <object_component id="oc-1e5">
         <name>.debug_info</name>
         <load_address>0xb617</load_address>
         <run_address>0xb617</run_address>
         <size>0x18b</size>
         <input_file_ref idref="fl-d3"/>
      </object_component>
      <object_component id="oc-234">
         <name>.debug_info</name>
         <load_address>0xb7a2</load_address>
         <run_address>0xb7a2</run_address>
         <size>0x177</size>
         <input_file_ref idref="fl-d4"/>
      </object_component>
      <object_component id="oc-226">
         <name>.debug_info</name>
         <load_address>0xb919</load_address>
         <run_address>0xb919</run_address>
         <size>0x325</size>
         <input_file_ref idref="fl-d5"/>
      </object_component>
      <object_component id="oc-205">
         <name>.debug_info</name>
         <load_address>0xbc3e</load_address>
         <run_address>0xbc3e</run_address>
         <size>0x1ed</size>
         <input_file_ref idref="fl-d5"/>
      </object_component>
      <object_component id="oc-15d">
         <name>.debug_info</name>
         <load_address>0xbe2b</load_address>
         <run_address>0xbe2b</run_address>
         <size>0x4b4</size>
         <input_file_ref idref="fl-d6"/>
      </object_component>
      <object_component id="oc-ed">
         <name>.debug_info</name>
         <load_address>0xc2df</load_address>
         <run_address>0xc2df</run_address>
         <size>0x1a7</size>
         <input_file_ref idref="fl-d6"/>
      </object_component>
      <object_component id="oc-1b7">
         <name>.debug_info</name>
         <load_address>0xc486</load_address>
         <run_address>0xc486</run_address>
         <size>0x39</size>
         <input_file_ref idref="fl-d6"/>
      </object_component>
      <object_component id="oc-1f4">
         <name>.debug_info</name>
         <load_address>0xc4bf</load_address>
         <run_address>0xc4bf</run_address>
         <size>0x39</size>
         <input_file_ref idref="fl-d6"/>
      </object_component>
      <object_component id="oc-1bc">
         <name>.debug_info</name>
         <load_address>0xc4f8</load_address>
         <run_address>0xc4f8</run_address>
         <size>0x39</size>
         <input_file_ref idref="fl-d6"/>
      </object_component>
      <object_component id="oc-1c1">
         <name>.debug_info</name>
         <load_address>0xc531</load_address>
         <run_address>0xc531</run_address>
         <size>0xcd</size>
         <input_file_ref idref="fl-d6"/>
      </object_component>
      <object_component id="oc-9a">
         <name>.debug_info</name>
         <load_address>0xc5fe</load_address>
         <run_address>0xc5fe</run_address>
         <size>0x154</size>
         <input_file_ref idref="fl-d7"/>
      </object_component>
      <object_component id="oc-2da">
         <name>.debug_info</name>
         <load_address>0xc752</load_address>
         <run_address>0xc752</run_address>
         <size>0x374</size>
         <input_file_ref idref="fl-da"/>
      </object_component>
      <object_component id="oc-283">
         <name>.debug_info</name>
         <load_address>0xcac6</load_address>
         <run_address>0xcac6</run_address>
         <size>0x1bd</size>
         <input_file_ref idref="fl-da"/>
      </object_component>
      <object_component id="oc-2e0">
         <name>.debug_info</name>
         <load_address>0xcc83</load_address>
         <run_address>0xcc83</run_address>
         <size>0x379</size>
         <input_file_ref idref="fl-db"/>
      </object_component>
      <object_component id="oc-295">
         <name>.debug_info</name>
         <load_address>0xcffc</load_address>
         <run_address>0xcffc</run_address>
         <size>0x211</size>
         <input_file_ref idref="fl-db"/>
      </object_component>
      <object_component id="oc-2d6">
         <name>.debug_info</name>
         <load_address>0xd20d</load_address>
         <run_address>0xd20d</run_address>
         <size>0x3a4</size>
         <input_file_ref idref="fl-dc"/>
      </object_component>
      <object_component id="oc-27d">
         <name>.debug_info</name>
         <load_address>0xd5b1</load_address>
         <run_address>0xd5b1</run_address>
         <size>0x20d</size>
         <input_file_ref idref="fl-dc"/>
      </object_component>
      <object_component id="oc-2dc">
         <name>.debug_info</name>
         <load_address>0xd7be</load_address>
         <run_address>0xd7be</run_address>
         <size>0x378</size>
         <input_file_ref idref="fl-dd"/>
      </object_component>
      <object_component id="oc-289">
         <name>.debug_info</name>
         <load_address>0xdb36</load_address>
         <run_address>0xdb36</run_address>
         <size>0x1fc</size>
         <input_file_ref idref="fl-dd"/>
      </object_component>
      <object_component id="oc-2ea">
         <name>.debug_info</name>
         <load_address>0xdd32</load_address>
         <run_address>0xdd32</run_address>
         <size>0x3d6</size>
         <input_file_ref idref="fl-de"/>
      </object_component>
      <object_component id="oc-2a1">
         <name>.debug_info</name>
         <load_address>0xe108</load_address>
         <run_address>0xe108</run_address>
         <size>0x237</size>
         <input_file_ref idref="fl-de"/>
      </object_component>
      <object_component id="oc-2e2">
         <name>.debug_info</name>
         <load_address>0xe33f</load_address>
         <run_address>0xe33f</run_address>
         <size>0x397</size>
         <input_file_ref idref="fl-df"/>
      </object_component>
      <object_component id="oc-29b">
         <name>.debug_info</name>
         <load_address>0xe6d6</load_address>
         <run_address>0xe6d6</run_address>
         <size>0x1c7</size>
         <input_file_ref idref="fl-df"/>
      </object_component>
      <object_component id="oc-2de">
         <name>.debug_info</name>
         <load_address>0xe89d</load_address>
         <run_address>0xe89d</run_address>
         <size>0x379</size>
         <input_file_ref idref="fl-e0"/>
      </object_component>
      <object_component id="oc-28f">
         <name>.debug_info</name>
         <load_address>0xec16</load_address>
         <run_address>0xec16</run_address>
         <size>0x201</size>
         <input_file_ref idref="fl-e0"/>
      </object_component>
      <object_component id="oc-2fe">
         <name>.debug_info</name>
         <load_address>0xee17</load_address>
         <run_address>0xee17</run_address>
         <size>0x2bc</size>
         <input_file_ref idref="fl-e1"/>
      </object_component>
      <object_component id="oc-2fb">
         <name>.debug_info</name>
         <load_address>0xf0d3</load_address>
         <run_address>0xf0d3</run_address>
         <size>0x109</size>
         <input_file_ref idref="fl-e1"/>
      </object_component>
      <object_component id="oc-2ca">
         <name>.debug_info</name>
         <load_address>0xf1dc</load_address>
         <run_address>0xf1dc</run_address>
         <size>0x1e0</size>
         <input_file_ref idref="fl-e1"/>
      </object_component>
      <object_component id="oc-2d0">
         <name>.debug_info</name>
         <load_address>0xf3bc</load_address>
         <run_address>0xf3bc</run_address>
         <size>0x19b</size>
         <input_file_ref idref="fl-e1"/>
      </object_component>
      <object_component id="oc-259">
         <name>.debug_info</name>
         <load_address>0xf557</load_address>
         <run_address>0xf557</run_address>
         <size>0x398</size>
         <input_file_ref idref="fl-e3"/>
      </object_component>
      <object_component id="oc-220">
         <name>.debug_info</name>
         <load_address>0xf8ef</load_address>
         <run_address>0xf8ef</run_address>
         <size>0x196</size>
         <input_file_ref idref="fl-e3"/>
      </object_component>
      <object_component id="oc-2c6">
         <name>.debug_info</name>
         <load_address>0xfa85</load_address>
         <run_address>0xfa85</run_address>
         <size>0x3a6</size>
         <input_file_ref idref="fl-e4"/>
      </object_component>
      <object_component id="oc-271">
         <name>.debug_info</name>
         <load_address>0xfe2b</load_address>
         <run_address>0xfe2b</run_address>
         <size>0x1f4</size>
         <input_file_ref idref="fl-e4"/>
      </object_component>
      <object_component id="oc-325">
         <name>.debug_info</name>
         <load_address>0x1001f</load_address>
         <run_address>0x1001f</run_address>
         <size>0x42d</size>
         <input_file_ref idref="fl-e5"/>
      </object_component>
      <object_component id="oc-31f">
         <name>.debug_info</name>
         <load_address>0x1044c</load_address>
         <run_address>0x1044c</run_address>
         <size>0x193</size>
         <input_file_ref idref="fl-e5"/>
      </object_component>
      <object_component id="oc-2f1">
         <name>.debug_info</name>
         <load_address>0x105df</load_address>
         <run_address>0x105df</run_address>
         <size>0x1ec</size>
         <input_file_ref idref="fl-e5"/>
      </object_component>
      <object_component id="oc-328">
         <name>.debug_info</name>
         <load_address>0x107cb</load_address>
         <run_address>0x107cb</run_address>
         <size>0xea</size>
         <input_file_ref idref="fl-e5"/>
      </object_component>
      <object_component id="oc-334">
         <name>.debug_info</name>
         <load_address>0x108b5</load_address>
         <run_address>0x108b5</run_address>
         <size>0x29b</size>
         <input_file_ref idref="fl-e6"/>
      </object_component>
      <object_component id="oc-313">
         <name>.debug_info</name>
         <load_address>0x10b50</load_address>
         <run_address>0x10b50</run_address>
         <size>0x263</size>
         <input_file_ref idref="fl-e6"/>
      </object_component>
      <object_component id="oc-345">
         <name>.debug_info</name>
         <load_address>0x10db3</load_address>
         <run_address>0x10db3</run_address>
         <size>0x28b</size>
         <input_file_ref idref="fl-e7"/>
      </object_component>
      <object_component id="oc-338">
         <name>.debug_info</name>
         <load_address>0x1103e</load_address>
         <run_address>0x1103e</run_address>
         <size>0x274</size>
         <input_file_ref idref="fl-e7"/>
      </object_component>
      <object_component id="oc-30d">
         <name>.debug_info</name>
         <load_address>0x112b2</load_address>
         <run_address>0x112b2</run_address>
         <size>0x2a5</size>
         <input_file_ref idref="fl-e8"/>
      </object_component>
      <object_component id="oc-2e4">
         <name>.debug_info</name>
         <load_address>0x11557</load_address>
         <run_address>0x11557</run_address>
         <size>0x24d</size>
         <input_file_ref idref="fl-e8"/>
      </object_component>
      <object_component id="oc-336">
         <name>.debug_info</name>
         <load_address>0x117a4</load_address>
         <run_address>0x117a4</run_address>
         <size>0x2b0</size>
         <input_file_ref idref="fl-e9"/>
      </object_component>
      <object_component id="oc-319">
         <name>.debug_info</name>
         <load_address>0x11a54</load_address>
         <run_address>0x11a54</run_address>
         <size>0x278</size>
         <input_file_ref idref="fl-e9"/>
      </object_component>
      <object_component id="oc-2ef">
         <name>.debug_info</name>
         <load_address>0x11ccc</load_address>
         <run_address>0x11ccc</run_address>
         <size>0x3d0</size>
         <input_file_ref idref="fl-eb"/>
      </object_component>
      <object_component id="oc-2b9">
         <name>.debug_info</name>
         <load_address>0x1209c</load_address>
         <run_address>0x1209c</run_address>
         <size>0x196</size>
         <input_file_ref idref="fl-eb"/>
      </object_component>
      <object_component id="oc-2f7">
         <name>.debug_info</name>
         <load_address>0x12232</load_address>
         <run_address>0x12232</run_address>
         <size>0x3d2</size>
         <input_file_ref idref="fl-ec"/>
      </object_component>
      <object_component id="oc-2bf">
         <name>.debug_info</name>
         <load_address>0x12604</load_address>
         <run_address>0x12604</run_address>
         <size>0x1a6</size>
         <input_file_ref idref="fl-ec"/>
      </object_component>
      <object_component id="oc-375">
         <name>.debug_info</name>
         <load_address>0x127aa</load_address>
         <run_address>0x127aa</run_address>
         <size>0xa5</size>
      </object_component>
      <object_component id="oc-11f">
         <name>.debug_line</name>
         <load_address>0x0</load_address>
         <run_address>0x0</run_address>
         <size>0x91</size>
         <input_file_ref idref="fl-1"/>
      </object_component>
      <object_component id="oc-a3">
         <name>.debug_line</name>
         <load_address>0x91</load_address>
         <run_address>0x91</run_address>
         <size>0xc2</size>
         <input_file_ref idref="fl-1"/>
      </object_component>
      <object_component id="oc-77">
         <name>.debug_line</name>
         <load_address>0x153</load_address>
         <run_address>0x153</run_address>
         <size>0x7a</size>
         <input_file_ref idref="fl-1"/>
      </object_component>
      <object_component id="oc-123">
         <name>.debug_line</name>
         <load_address>0x1cd</load_address>
         <run_address>0x1cd</run_address>
         <size>0x2f</size>
         <input_file_ref idref="fl-1"/>
      </object_component>
      <object_component id="oc-39">
         <name>.debug_line</name>
         <load_address>0x1fc</load_address>
         <run_address>0x1fc</run_address>
         <size>0x20</size>
         <input_file_ref idref="fl-1"/>
      </object_component>
      <object_component id="oc-c0">
         <name>.debug_line</name>
         <load_address>0x21c</load_address>
         <run_address>0x21c</run_address>
         <size>0x7e</size>
         <input_file_ref idref="fl-1"/>
      </object_component>
      <object_component id="oc-7c">
         <name>.debug_line</name>
         <load_address>0x29a</load_address>
         <run_address>0x29a</run_address>
         <size>0x7b</size>
         <input_file_ref idref="fl-1"/>
      </object_component>
      <object_component id="oc-153">
         <name>.debug_line</name>
         <load_address>0x315</load_address>
         <run_address>0x315</run_address>
         <size>0x76</size>
         <input_file_ref idref="fl-1"/>
      </object_component>
      <object_component id="oc-175">
         <name>.debug_line</name>
         <load_address>0x38b</load_address>
         <run_address>0x38b</run_address>
         <size>0x84</size>
         <input_file_ref idref="fl-2"/>
      </object_component>
      <object_component id="oc-173">
         <name>.debug_line</name>
         <load_address>0x40f</load_address>
         <run_address>0x40f</run_address>
         <size>0x2f</size>
         <input_file_ref idref="fl-2"/>
      </object_component>
      <object_component id="oc-d7">
         <name>.debug_line</name>
         <load_address>0x43e</load_address>
         <run_address>0x43e</run_address>
         <size>0x8cd</size>
         <input_file_ref idref="fl-2"/>
      </object_component>
      <object_component id="oc-179">
         <name>.debug_line</name>
         <load_address>0xd0b</load_address>
         <run_address>0xd0b</run_address>
         <size>0x2f</size>
         <input_file_ref idref="fl-2"/>
      </object_component>
      <object_component id="oc-73">
         <name>.debug_line</name>
         <load_address>0xd3a</load_address>
         <run_address>0xd3a</run_address>
         <size>0x41</size>
         <input_file_ref idref="fl-3"/>
      </object_component>
      <object_component id="oc-2e">
         <name>.debug_line</name>
         <load_address>0xd7b</load_address>
         <run_address>0xd7b</run_address>
         <size>0x41</size>
         <input_file_ref idref="fl-3"/>
      </object_component>
      <object_component id="oc-2b">
         <name>.debug_line</name>
         <load_address>0xdbc</load_address>
         <run_address>0xdbc</run_address>
         <size>0xa1</size>
         <input_file_ref idref="fl-3"/>
      </object_component>
      <object_component id="oc-1ab">
         <name>.debug_line</name>
         <load_address>0xe5d</load_address>
         <run_address>0xe5d</run_address>
         <size>0x10e</size>
         <input_file_ref idref="fl-be"/>
      </object_component>
      <object_component id="oc-14c">
         <name>.debug_line</name>
         <load_address>0xf6b</load_address>
         <run_address>0xf6b</run_address>
         <size>0x3e</size>
         <input_file_ref idref="fl-be"/>
      </object_component>
      <object_component id="oc-146">
         <name>.debug_line</name>
         <load_address>0xfa9</load_address>
         <run_address>0xfa9</run_address>
         <size>0x3e</size>
         <input_file_ref idref="fl-be"/>
      </object_component>
      <object_component id="oc-dd">
         <name>.debug_line</name>
         <load_address>0xfe7</load_address>
         <run_address>0xfe7</run_address>
         <size>0x5d</size>
         <input_file_ref idref="fl-be"/>
      </object_component>
      <object_component id="oc-1af">
         <name>.debug_line</name>
         <load_address>0x1044</load_address>
         <run_address>0x1044</run_address>
         <size>0x91</size>
         <input_file_ref idref="fl-be"/>
      </object_component>
      <object_component id="oc-1cd">
         <name>.debug_line</name>
         <load_address>0x10d5</load_address>
         <run_address>0x10d5</run_address>
         <size>0xa0</size>
         <input_file_ref idref="fl-bf"/>
      </object_component>
      <object_component id="oc-13a">
         <name>.debug_line</name>
         <load_address>0x1175</load_address>
         <run_address>0x1175</run_address>
         <size>0x194</size>
         <input_file_ref idref="fl-bf"/>
      </object_component>
      <object_component id="oc-18c">
         <name>.debug_line</name>
         <load_address>0x1309</load_address>
         <run_address>0x1309</run_address>
         <size>0x2e</size>
         <input_file_ref idref="fl-bf"/>
      </object_component>
      <object_component id="oc-1d1">
         <name>.debug_line</name>
         <load_address>0x1337</load_address>
         <run_address>0x1337</run_address>
         <size>0x91</size>
         <input_file_ref idref="fl-bf"/>
      </object_component>
      <object_component id="oc-21e">
         <name>.debug_line</name>
         <load_address>0x13c8</load_address>
         <run_address>0x13c8</run_address>
         <size>0x117</size>
         <input_file_ref idref="fl-c0"/>
      </object_component>
      <object_component id="oc-1a7">
         <name>.debug_line</name>
         <load_address>0x14df</load_address>
         <run_address>0x14df</run_address>
         <size>0x79</size>
         <input_file_ref idref="fl-c0"/>
      </object_component>
      <object_component id="oc-21c">
         <name>.debug_line</name>
         <load_address>0x1558</load_address>
         <run_address>0x1558</run_address>
         <size>0x189</size>
         <input_file_ref idref="fl-c1"/>
      </object_component>
      <object_component id="oc-1a0">
         <name>.debug_line</name>
         <load_address>0x16e1</load_address>
         <run_address>0x16e1</run_address>
         <size>0xe0</size>
         <input_file_ref idref="fl-c1"/>
      </object_component>
      <object_component id="oc-cd">
         <name>.debug_line</name>
         <load_address>0x17c1</load_address>
         <run_address>0x17c1</run_address>
         <size>0x92</size>
         <input_file_ref idref="fl-c1"/>
      </object_component>
      <object_component id="oc-241">
         <name>.debug_line</name>
         <load_address>0x1853</load_address>
         <run_address>0x1853</run_address>
         <size>0x91</size>
         <input_file_ref idref="fl-c2"/>
      </object_component>
      <object_component id="oc-1dc">
         <name>.debug_line</name>
         <load_address>0x18e4</load_address>
         <run_address>0x18e4</run_address>
         <size>0x6e</size>
         <input_file_ref idref="fl-c2"/>
      </object_component>
      <object_component id="oc-23e">
         <name>.debug_line</name>
         <load_address>0x1952</load_address>
         <run_address>0x1952</run_address>
         <size>0x91</size>
         <input_file_ref idref="fl-c2"/>
      </object_component>
      <object_component id="oc-27b">
         <name>.debug_line</name>
         <load_address>0x19e3</load_address>
         <run_address>0x19e3</run_address>
         <size>0x110</size>
         <input_file_ref idref="fl-c3"/>
      </object_component>
      <object_component id="oc-20e">
         <name>.debug_line</name>
         <load_address>0x1af3</load_address>
         <run_address>0x1af3</run_address>
         <size>0xb2</size>
         <input_file_ref idref="fl-c3"/>
      </object_component>
      <object_component id="oc-97">
         <name>.debug_line</name>
         <load_address>0x1ba5</load_address>
         <run_address>0x1ba5</run_address>
         <size>0x79</size>
         <input_file_ref idref="fl-c4"/>
      </object_component>
      <object_component id="oc-3f">
         <name>.debug_line</name>
         <load_address>0x1c1e</load_address>
         <run_address>0x1c1e</run_address>
         <size>0x88</size>
         <input_file_ref idref="fl-c5"/>
      </object_component>
      <object_component id="oc-d0">
         <name>.debug_line</name>
         <load_address>0x1ca6</load_address>
         <run_address>0x1ca6</run_address>
         <size>0x92</size>
         <input_file_ref idref="fl-c6"/>
      </object_component>
      <object_component id="oc-51">
         <name>.debug_line</name>
         <load_address>0x1d38</load_address>
         <run_address>0x1d38</run_address>
         <size>0x4f</size>
         <input_file_ref idref="fl-c6"/>
      </object_component>
      <object_component id="oc-90">
         <name>.debug_line</name>
         <load_address>0x1d87</load_address>
         <run_address>0x1d87</run_address>
         <size>0x34</size>
         <input_file_ref idref="fl-c6"/>
      </object_component>
      <object_component id="oc-8b">
         <name>.debug_line</name>
         <load_address>0x1dbb</load_address>
         <run_address>0x1dbb</run_address>
         <size>0x20</size>
         <input_file_ref idref="fl-c7"/>
      </object_component>
      <object_component id="oc-1c">
         <name>.debug_line</name>
         <load_address>0x1ddb</load_address>
         <run_address>0x1ddb</run_address>
         <size>0x55</size>
         <input_file_ref idref="fl-c7"/>
      </object_component>
      <object_component id="oc-44">
         <name>.debug_line</name>
         <load_address>0x1e30</load_address>
         <run_address>0x1e30</run_address>
         <size>0x3a</size>
         <input_file_ref idref="fl-c7"/>
      </object_component>
      <object_component id="oc-88">
         <name>.debug_line</name>
         <load_address>0x1e6a</load_address>
         <run_address>0x1e6a</run_address>
         <size>0x92</size>
         <input_file_ref idref="fl-c7"/>
      </object_component>
      <object_component id="oc-c9">
         <name>.debug_line</name>
         <load_address>0x1efc</load_address>
         <run_address>0x1efc</run_address>
         <size>0x20</size>
         <input_file_ref idref="fl-c8"/>
      </object_component>
      <object_component id="oc-16">
[...]
         <name>SysTick_Wait</name>
         <value>0x239d</value>
         <object_component_ref idref="oc-9f"/>
      </symbol>
      <symbol id="sm-60">
         <name>main</name>
         <value>0x2315</value>
         <object_component_ref idref="oc-9f"/>
      </symbol>
      <symbol id="sm-61">
         <name>SysTick_Wait50ms</name>
         <value>0x23bd</value>
         <object_component_ref idref="oc-9f"/>
      </symbol>
      <symbol id="sm-62">
         <name>SysTick_Init</name>
         <value>0x23e3</value>
         <object_component_ref idref="oc-9f"/>
      </symbol>
      <symbol id="sm-21f">
         <name>Timer1</name>
         <value>0x20006714</value>
      </symbol>
      <symbol id="sm-220">
         <name>Timer2</name>
         <value>0x20006715</value>
      </symbol>
      <symbol id="sm-221">
         <name>lba_begin_address</name>
         <value>0x20006704</value>
      </symbol>
      <symbol id="sm-222">
         <name>number_of_sectors</name>
         <value>0x20006708</value>
      </symbol>
      <symbol id="sm-223">
         <name>lba_addr</name>
         <value>0x20006700</value>
      </symbol>
      <symbol id="sm-224">
         <name>cluster_begin_lba</name>
         <value>0x200066f8</value>
      </symbol>
      <symbol id="sm-225">
         <name>fat_begin_lba</name>
         <value>0x200066fc</value>
      </symbol>
      <symbol id="sm-226">
         <name>sectors_per_fat</name>
         <value>0x20006710</value>
      </symbol>
      <symbol id="sm-227">
         <name>root_dir_first_cluster</name>
         <value>0x2000670c</value>
      </symbol>
      <symbol id="sm-228">
         <name>sectors_per_cluster</name>
         <value>0x20006716</value>
      </symbol>
      <symbol id="sm-229">
         <name>file_dir</name>
         <value>0x20003970</value>
      </symbol>
      <symbol id="sm-22a">
         <name>initialise_sd</name>
         <value>0x5a9</value>
         <object_component_ref idref="oc-d3"/>
      </symbol>
      <symbol id="sm-22b">
         <name>send_command</name>
         <value>0x4b9</value>
         <object_component_ref idref="oc-d3"/>
      </symbol>
      <symbol id="sm-22c">
         <name>is_ready</name>
         <value>0x48b</value>
         <object_component_ref idref="oc-d3"/>
      </symbol>
      <symbol id="sm-22d">
         <name>startSSI0</name>
         <value>0x751</value>
         <object_component_ref idref="oc-d3"/>
      </symbol>
      <symbol id="sm-22e">
         <name>startSSI1</name>
         <value>0x83f</value>
         <object_component_ref idref="oc-d3"/>
      </symbol>
      <symbol id="sm-22f">
         <name>startSSI2</name>
         <value>0x935</value>
         <object_component_ref idref="oc-d3"/>
      </symbol>
      <symbol id="sm-230">
         <name>startSSI3</name>
         <value>0xa1b</value>
         <object_component_ref idref="oc-d3"/>
      </symbol>
      <symbol id="sm-231">
         <name>get_root_dir_first_cluster</name>
         <value>0xbc5</value>
         <object_component_ref idref="oc-d3"/>
      </symbol>
      <symbol id="sm-232">
         <name>row</name>
         <value>0x20006cdc</value>
         <object_component_ref idref="oc-125"/>
      </symbol>
      <symbol id="sm-233">
         <name>tx_SSI</name>
         <value>0xdb5</value>
         <object_component_ref idref="oc-d3"/>
      </symbol>
      <symbol id="sm-234">
         <name>Timer5A_Handler</name>
         <value>0x1ec3</value>
         <object_component_ref idref="oc-d3"/>
      </symbol>
      <symbol id="sm-235">
         <name>rcvr_datablock</name>
         <value>0x1f01</value>
         <object_component_ref idref="oc-d3"/>
      </symbol>
      <symbol id="sm-236">
         <name>rcvr_spi_m</name>
         <value>0x1f79</value>
         <object_component_ref idref="oc-d3"/>
      </symbol>
      <symbol id="sm-237">
         <name>cs_low</name>
         <value>0xc51</value>
         <object_component_ref idref="oc-d3"/>
      </symbol>
      <symbol id="sm-238">
         <name>sd_read</name>
         <value>0x3ef</value>
         <object_component_ref idref="oc-d3"/>
      </symbol>
      <symbol id="sm-239">
         <name>sd_write</name>
         <value>0x26d</value>
         <object_component_ref idref="oc-d3"/>
      </symbol>
      <symbol id="sm-23a">
         <name>tx_high</name>
         <value>0xcd9</value>
         <object_component_ref idref="oc-d3"/>
      </symbol>
      <symbol id="sm-23b">
         <name>disk_timerproc</name>
         <value>0x1ed1</value>
         <object_component_ref idref="oc-d3"/>
      </symbol>
      <symbol id="sm-23c">
         <name>get_first_cluster</name>
         <value>0xba9</value>
         <object_component_ref idref="oc-d3"/>
      </symbol>
      <symbol id="sm-23d">
         <name>read_csd</name>
         <value>0xeeb</value>
         <object_component_ref idref="oc-d3"/>
      </symbol>
      <symbol id="sm-23e">
         <name>fd_count</name>
         <value>0x20006cd8</value>
         <object_component_ref idref="oc-125"/>
      </symbol>
      <symbol id="sm-23f">
         <name>Timer5_Init</name>
         <value>0x1e51</value>
         <object_component_ref idref="oc-d3"/>
      </symbol>
      <symbol id="sm-240">
         <name>current_count</name>
         <value>0x20006cd9</value>
         <object_component_ref idref="oc-125"/>
      </symbol>
      <symbol id="sm-241">
         <name>get_files_and_dirs</name>
         <value>0x1129</value>
         <object_component_ref idref="oc-d3"/>
      </symbol>
      <symbol id="sm-242">
         <name>dummy_clock</name>
         <value>0xb49</value>
         <object_component_ref idref="oc-d3"/>
      </symbol>
      <symbol id="sm-243">
         <name>open_file</name>
         <value>0x1cd9</value>
         <object_component_ref idref="oc-d3"/>
      </symbol>
      <symbol id="sm-244">
         <name>previous_cluster</name>
         <value>0x20006cd0</value>
         <object_component_ref idref="oc-125"/>
      </symbol>
      <symbol id="sm-245">
         <name>column</name>
         <value>0x20006ce0</value>
         <object_component_ref idref="oc-125"/>
      </symbol>
      <symbol id="sm-246">
         <name>cs_high</name>
         <value>0xbe5</value>
         <object_component_ref idref="oc-d3"/>
      </symbol>
      <symbol id="sm-247">
         <name>read_disk_data</name>
         <value>0xfe5</value>
         <object_component_ref idref="oc-d3"/>
      </symbol>
      <symbol id="sm-248">
         <name>finish</name>
         <value>0x20006cda</value>
         <object_component_ref idref="oc-125"/>
      </symbol>
      <symbol id="sm-249">
         <name>clean_name</name>
         <value>0x31d</value>
         <object_component_ref idref="oc-d3"/>
      </symbol>
      <symbol id="sm-24a">
         <name>cluster_dir</name>
         <value>0x20006cd4</value>
         <object_component_ref idref="oc-125"/>
      </symbol>
      <symbol id="sm-24b">
         <name>read_first_sector</name>
         <value>0xf29</value>
         <object_component_ref idref="oc-d3"/>
      </symbol>
      <symbol id="sm-24c">
         <name>number</name>
         <value>0x20006ce4</value>
         <object_component_ref idref="oc-125"/>
      </symbol>
      <symbol id="sm-24d">
         <name>change_speed</name>
         <value>0xe47</value>
         <object_component_ref idref="oc-d3"/>
      </symbol>
      <symbol id="sm-269">
         <name>ResetISR</name>
         <value>0x318d</value>
         <object_component_ref idref="oc-27"/>
      </symbol>
      <symbol id="sm-26a">
         <name>g_pfnVectors</name>
         <value>0x0</value>
         <object_component_ref idref="oc-f"/>
      </symbol>
      <symbol id="sm-296">
         <name>printf</name>
         <value>0x2aa5</value>
         <object_component_ref idref="oc-d9"/>
      </symbol>
      <symbol id="sm-2ca">
         <name>__TI_printfi_minimal</name>
         <value>0x1fd9</value>
         <object_component_ref idref="oc-136"/>
      </symbol>
      <symbol id="sm-2df">
         <name>putc</name>
         <value>0x2771</value>
         <object_component_ref idref="oc-1a3"/>
      </symbol>
      <symbol id="sm-2e0">
         <name>fputc</name>
         <value>0x2771</value>
         <object_component_ref idref="oc-1a3"/>
      </symbol>
      <symbol id="sm-303">
         <name>fputs</name>
         <value>0x2201</value>
         <object_component_ref idref="oc-19c"/>
      </symbol>
      <symbol id="sm-31b">
         <name>__TI_wrt_ok</name>
         <value>0x2b71</value>
         <object_component_ref idref="oc-1d8"/>
      </symbol>
      <symbol id="sm-337">
         <name>setvbuf</name>
         <value>0x25f9</value>
         <object_component_ref idref="oc-20a"/>
      </symbol>
      <symbol id="sm-346">
         <name>__aeabi_memset</name>
         <value>0x287b</value>
         <object_component_ref idref="oc-93"/>
      </symbol>
      <symbol id="sm-347">
         <name>memset</name>
         <value>0x2881</value>
         <object_component_ref idref="oc-93"/>
      </symbol>
      <symbol id="sm-348">
         <name>__aeabi_memset8</name>
         <value>0x287b</value>
         <object_component_ref idref="oc-93"/>
      </symbol>
      <symbol id="sm-349">
         <name>__aeabi_memset4</name>
         <value>0x287b</value>
         <object_component_ref idref="oc-93"/>
      </symbol>
      <symbol id="sm-34a">
         <name>__aeabi_memclr8</name>
         <value>0x2879</value>
         <object_component_ref idref="oc-93"/>
      </symbol>
      <symbol id="sm-34b">
         <name>__aeabi_memclr4</name>
         <value>0x2879</value>
         <object_component_ref idref="oc-93"/>
      </symbol>
      <symbol id="sm-34c">
         <name>__aeabi_memclr</name>
         <value>0x2879</value>
         <object_component_ref idref="oc-93"/>
      </symbol>
      <symbol id="sm-367">
         <name>memcpy</name>
         <value>0x26d5</value>
         <object_component_ref idref="oc-3b"/>
      </symbol>
      <symbol id="sm-368">
         <name>__aeabi_memcpy</name>
         <value>0x26d5</value>
         <object_component_ref idref="oc-3b"/>
      </symbol>
      <symbol id="sm-369">
         <name>__aeabi_memcpy8</name>
         <value>0x26d5</value>
         <object_component_ref idref="oc-3b"/>
      </symbol>
      <symbol id="sm-36a">
         <name>__aeabi_memcpy4</name>
         <value>0x26d5</value>
         <object_component_ref idref="oc-3b"/>
      </symbol>
      <symbol id="sm-37c">
         <name>__TI_zero_init</name>
         <value>0x3181</value>
         <object_component_ref idref="oc-4d"/>
      </symbol>
      <symbol id="sm-393">
         <name>__TI_decompress_none</name>
         <value>0x3173</value>
         <object_component_ref idref="oc-18"/>
      </symbol>
      <symbol id="sm-3b6">
         <name>__TI_decompress_lzss</name>
         <value>0x2a3d</value>
         <object_component_ref idref="oc-12"/>
      </symbol>
      <symbol id="sm-3dc">
         <name>C$$EXIT</name>
         <value>0x31ad</value>
         <object_component_ref idref="oc-e0"/>
      </symbol>
      <symbol id="sm-3dd">
         <name>abort</name>
         <value>0x31ad</value>
         <object_component_ref idref="oc-e0"/>
      </symbol>
      <symbol id="sm-3de">
         <name>__TI_dtors_ptr</name>
         <value>0x20006cfc</value>
         <object_component_ref idref="oc-156"/>
      </symbol>
      <symbol id="sm-3df">
         <name>__TI_cleanup_ptr</name>
         <value>0x20006cf8</value>
         <object_component_ref idref="oc-156"/>
      </symbol>
      <symbol id="sm-3e0">
         <name>__TI_enable_exit_profile_output</name>
         <value>0x20006d00</value>
         <object_component_ref idref="oc-156"/>
      </symbol>
      <symbol id="sm-3e1">
         <name>exit</name>
         <value>0x2d8d</value>
         <object_component_ref idref="oc-e6"/>
      </symbol>
      <symbol id="sm-3f6">
         <name>_nop</name>
         <value>0x21ff</value>
         <object_component_ref idref="oc-18e"/>
      </symbol>
      <symbol id="sm-3f7">
         <name>_lock</name>
         <value>0x20006d04</value>
         <object_component_ref idref="oc-13c"/>
      </symbol>
      <symbol id="sm-3f8">
         <name>_unlock</name>
         <value>0x20006d08</value>
         <object_component_ref idref="oc-13c"/>
      </symbol>
      <symbol id="sm-40d">
         <name>__TI_tmpnams</name>
         <value>0x20006650</value>
      </symbol>
      <symbol id="sm-40e">
         <name>__aeabi_stdout</name>
         <value>0x20006cf0</value>
         <object_component_ref idref="oc-276"/>
      </symbol>
      <symbol id="sm-40f">
         <name>__aeabi_stderr</name>
         <value>0x20006cf4</value>
         <object_component_ref idref="oc-276"/>
      </symbol>
      <symbol id="sm-410">
         <name>__aeabi_stdin</name>
         <value>0x20006cec</value>
         <object_component_ref idref="oc-276"/>
      </symbol>
      <symbol id="sm-411">
         <name>_ftable</name>
         <value>0x20006b18</value>
         <object_component_ref idref="oc-13f"/>
      </symbol>
      <symbol id="sm-412">
         <name>__TI_ft_end</name>
         <value>0x20006ce8</value>
         <object_component_ref idref="oc-276"/>
      </symbol>
      <symbol id="sm-422">
         <name>memccpy</name>
         <value>0x3101</value>
         <object_component_ref idref="oc-181"/>
      </symbol>
      <symbol id="sm-432">
         <name>memchr</name>
         <value>0x30c5</value>
         <object_component_ref idref="oc-1de"/>
      </symbol>
      <symbol id="sm-4b9">
         <name>_sys_memory</name>
         <value>0x20006718</value>
         <object_component_ref idref="oc-21"/>
      </symbol>
      <symbol id="sm-4ba">
         <name>free</name>
         <value>0x2511</value>
         <object_component_ref idref="oc-227"/>
      </symbol>
      <symbol id="sm-4bb">
         <name>memalign</name>
         <value>0x241d</value>
         <object_component_ref idref="oc-269"/>
      </symbol>
      <symbol id="sm-4bc">
         <name>malloc</name>
         <value>0x3199</value>
         <object_component_ref idref="oc-22d"/>
      </symbol>
      <symbol id="sm-4bd">
         <name>aligned_alloc</name>
         <value>0x241d</value>
         <object_component_ref idref="oc-269"/>
      </symbol>
      <symbol id="sm-4cb">
         <name>strlen</name>
         <value>0x315f</value>
         <object_component_ref idref="oc-17b"/>
      </symbol>
      <symbol id="sm-4e5">
         <name>write</name>
         <value>0x309d</value>
         <object_component_ref idref="oc-1ea"/>
      </symbol>
      <symbol id="sm-4f6">
         <name>_stream</name>
         <value>0x20006c80</value>
         <object_component_ref idref="oc-216"/>
      </symbol>
      <symbol id="sm-4f7">
         <name>_device</name>
         <value>0x20006c08</value>
         <object_component_ref idref="oc-246"/>
      </symbol>
      <symbol id="sm-50a">
         <name>__stack</name>
         <value>0x20000000</value>
         <object_component_ref idref="oc-24"/>
      </symbol>
      <symbol id="sm-50b">
         <name>_c_int00_noargs</name>
         <value>0x2fbd</value>
         <object_component_ref idref="oc-59"/>
      </symbol>
      <symbol id="sm-51b">
         <name>__TI_doflush</name>
         <value>0x2d41</value>
         <object_component_ref idref="oc-1e4"/>
      </symbol>
      <symbol id="sm-52b">
         <name>__TI_cleanup</name>
         <value>0x2f55</value>
         <object_component_ref idref="oc-233"/>
      </symbol>
      <symbol id="sm-53d">
         <name>fseek</name>
         <value>0x2b0d</value>
         <object_component_ref idref="oc-204"/>
      </symbol>
      <symbol id="sm-565">
         <name>__TI_auto_init_nobinit_nopinit</name>
         <value>0x2e5d</value>
         <object_component_ref idref="oc-ec"/>
      </symbol>
      <symbol id="sm-56f">
         <name>_system_pre_init</name>
         <value>0x31a9</value>
         <object_component_ref idref="oc-99"/>
      </symbol>
      <symbol id="sm-582">
         <name>HOSTclose</name>
         <value>0x2dd5</value>
         <object_component_ref idref="oc-282"/>
      </symbol>
      <symbol id="sm-593">
         <name>HOSTlseek</name>
         <value>0x29d5</value>
         <object_component_ref idref="oc-294"/>
      </symbol>
      <symbol id="sm-5a5">
         <name>parmbuf</name>
         <value>0x200066f0</value>
      </symbol>
      <symbol id="sm-5a6">
         <name>HOSTopen</name>
         <value>0x2bd5</value>
         <object_component_ref idref="oc-27c"/>
      </symbol>
      <symbol id="sm-5b7">
         <name>HOSTread</name>
         <value>0x2c91</value>
         <object_component_ref idref="oc-288"/>
      </symbol>
      <symbol id="sm-5c8">
         <name>HOSTrename</name>
         <value>0x2969</value>
         <object_component_ref idref="oc-2a0"/>
      </symbol>
      <symbol id="sm-5d9">
         <name>HOSTunlink</name>
         <value>0x2e19</value>
         <object_component_ref idref="oc-29a"/>
      </symbol>
      <symbol id="sm-5ea">
         <name>HOSTwrite</name>
         <value>0x2ce9</value>
         <object_component_ref idref="oc-28e"/>
      </symbol>
      <symbol id="sm-60e">
         <name>__TI_readmsg</name>
         <value>0x2f89</value>
         <object_component_ref idref="oc-2cf"/>
      </symbol>
      <symbol id="sm-60f">
         <name>C$$IO$$</name>
         <value>0x2f13</value>
         <object_component_ref idref="oc-2c9"/>
      </symbol>
      <symbol id="sm-610">
         <name>__CIOBUF_</name>
         <value>0x20006530</value>
         <object_component_ref idref="oc-2fa"/>
      </symbol>
      <symbol id="sm-611">
         <name>__TI_writemsg</name>
         <value>0x2ee5</value>
         <object_component_ref idref="oc-2c9"/>
      </symbol>
      <symbol id="sm-622">
         <name>lseek</name>
         <value>0x3075</value>
         <object_component_ref idref="oc-21f"/>
      </symbol>
      <symbol id="sm-637">
         <name>__TI_closefile</name>
         <value>0x28f5</value>
         <object_component_ref idref="oc-270"/>
      </symbol>
      <symbol id="sm-65a">
         <name>finddevice</name>
         <value>0x2ff1</value>
         <object_component_ref idref="oc-31e"/>
      </symbol>
      <symbol id="sm-65b">
         <name>getdevice</name>
         <value>0x2ea1</value>
         <object_component_ref idref="oc-2f0"/>
      </symbol>
      <symbol id="sm-66b">
         <name>strchr</name>
         <value>0x3135</value>
         <object_component_ref idref="oc-312"/>
      </symbol>
      <symbol id="sm-67a">
         <name>strcmp</name>
         <value>0x311d</value>
         <object_component_ref idref="oc-337"/>
      </symbol>
      <symbol id="sm-688">
         <name>strcpy</name>
         <value>0x314b</value>
         <object_component_ref idref="oc-2e3"/>
      </symbol>
      <symbol id="sm-698">
         <name>strncpy</name>
         <value>0x2f1d</value>
         <object_component_ref idref="oc-318"/>
      </symbol>
      <symbol id="sm-6ad">
         <name>close</name>
         <value>0x2c35</value>
         <object_component_ref idref="oc-2b8"/>
      </symbol>
      <symbol id="sm-6bd">
         <name>unlink</name>
         <value>0x3021</value>
         <object_component_ref idref="oc-2be"/>
      </symbol>
      <symbol id="sm-6be">
         <name>__TI_static_base__</name>
         <value>0x0</value>
      </symbol>
      <symbol id="sm-6c1">
         <name>__mpu_init</name>
         <value>0x0</value>
      </symbol>
      <symbol id="sm-6c2">
         <name>_system_post_cinit</name>
         <value>0x0</value>
      </symbol>
      <symbol id="sm-6c3">
         <name>remove</name>
         <value>0x3021</value>
      </symbol>
   </symbol_table>
   <title>Link successful</title>
</link_info>
